(delay (lam case_True_15 (lam case_False_16 case_True_15)))