/\(s :: size) -> \(ss : size s) -> (/\(a :: *) -> /\(r :: *) -> \(f : r -> a -> r) -> (/\(a :: *) -> /\(b :: *) -> \(f : (a -> b) -> a -> b) -> (/\(a :: *) -> \(s : (\(a :: *) -> (\(withSpine :: ((* -> *) -> *) -> *) -> \(pat :: * -> *) -> withSpine (\(spine :: * -> *) -> ifix ((\(withSpine :: ((* -> *) -> *) -> *) -> \(pat :: * -> *) -> \(b :: (* -> *) -> *) -> \(p :: * -> *) -> p (pat (withSpine b))) withSpine pat) spine)) (\(k :: (* -> *) -> *) -> k (\(r :: *) -> r)) (\(self :: *) -> self -> a)) a) -> unwrap s s) {a -> b} (wrap ((\(withSpine :: ((* -> *) -> *) -> *) -> \(pat :: * -> *) -> \(b :: (* -> *) -> *) -> \(p :: * -> *) -> p (pat (withSpine b))) (\(k :: (* -> *) -> *) -> k (\(r :: *) -> r)) (\(self :: *) -> (\(a :: *) -> self -> a) (a -> b))) (\(r :: *) -> r) (\(s : (\(a :: *) -> (\(withSpine :: ((* -> *) -> *) -> *) -> \(pat :: * -> *) -> withSpine (\(spine :: * -> *) -> ifix ((\(withSpine :: ((* -> *) -> *) -> *) -> \(pat :: * -> *) -> \(b :: (* -> *) -> *) -> \(p :: * -> *) -> p (pat (withSpine b))) withSpine pat) spine)) (\(k :: (* -> *) -> *) -> k (\(r :: *) -> r)) (\(self :: *) -> self -> a)) (a -> b)) -> \(x : a) -> f ((/\(a :: *) -> \(s : (\(a :: *) -> (\(withSpine :: ((* -> *) -> *) -> *) -> \(pat :: * -> *) -> withSpine (\(spine :: * -> *) -> ifix ((\(withSpine :: ((* -> *) -> *) -> *) -> \(pat :: * -> *) -> \(b :: (* -> *) -> *) -> \(p :: * -> *) -> p (pat (withSpine b))) withSpine pat) spine)) (\(k :: (* -> *) -> *) -> k (\(r :: *) -> r)) (\(self :: *) -> self -> a)) a) -> unwrap s s) {a -> b} s) x))) {r} {(\(a :: *) -> ifix (\(list :: * -> *) -> \(a :: *) -> all (r :: *). r -> (a -> list a -> r) -> r) a) a -> r} (\(rec : r -> (\(a :: *) -> ifix (\(list :: * -> *) -> \(a :: *) -> all (r :: *). r -> (a -> list a -> r) -> r) a) a -> r) -> \(z : r) -> \(xs : (\(a :: *) -> ifix (\(list :: * -> *) -> \(a :: *) -> all (r :: *). r -> (a -> list a -> r) -> r) a) a) -> unwrap xs {r} z (\(x : a) -> \(xs' : (\(a :: *) -> ifix (\(list :: * -> *) -> \(a :: *) -> all (r :: *). r -> (a -> list a -> r) -> r) a) a) -> rec (f z x) xs'))) {integer s} {integer s} (multiplyInteger {s}) (resizeInteger {1} {s} ss 1!1)