/\(a0 :: *) -> /\(b0 :: *) -> /\(r :: *) -> \(f : a0 -> b0 -> r -> r) -> \(z : r) -> (/\(a :: *) -> /\(b :: *) -> \(f : (a -> b) -> a -> b) -> (/\(a :: *) -> \(s : (\(a :: *) -> ifix (\(self :: * -> *) -> \(a :: *) -> self a -> a) a) a) -> unwrap s s) {a -> b} (wrap (\(self :: * -> *) -> \(a :: *) -> self a -> a) (a -> b) (\(s : (\(a :: *) -> ifix (\(self :: * -> *) -> \(a :: *) -> self a -> a) a) (a -> b)) -> \(x : a) -> f ((/\(a :: *) -> \(s : (\(a :: *) -> ifix (\(self :: * -> *) -> \(a :: *) -> self a -> a) a) a) -> unwrap s s) {a -> b} s) x))) {all (a :: *). a -> a} {all (a :: *). all (b :: *). (a -> b -> r -> r) -> (\(withSpine :: (((* -> * -> *) -> *) -> *) -> * -> * -> *) -> \(pat :: (* -> * -> *) -> * -> * -> *) -> withSpine (\(spine :: (* -> * -> *) -> *) -> ifix ((\(withSpine :: (((* -> * -> *) -> *) -> *) -> * -> * -> *) -> \(pat :: (* -> * -> *) -> * -> * -> *) -> \(b :: ((* -> * -> *) -> *) -> *) -> \(p :: (* -> * -> *) -> *) -> p (pat (withSpine b))) withSpine pat) spine)) (\(k :: ((* -> * -> *) -> *) -> *) -> \(a :: *) -> \(b :: *) -> k (\(r :: * -> * -> *) -> r a b)) (\(interlist :: * -> * -> *) -> \(a :: *) -> \(b :: *) -> all (r :: *). r -> (a -> b -> interlist b a -> r) -> r) a b -> r} (\(rec : (all (a :: *). a -> a) -> (all (a :: *). all (b :: *). (a -> b -> r -> r) -> (\(withSpine :: (((* -> * -> *) -> *) -> *) -> * -> * -> *) -> \(pat :: (* -> * -> *) -> * -> * -> *) -> withSpine (\(spine :: (* -> * -> *) -> *) -> ifix ((\(withSpine :: (((* -> * -> *) -> *) -> *) -> * -> * -> *) -> \(pat :: (* -> * -> *) -> * -> * -> *) -> \(b :: ((* -> * -> *) -> *) -> *) -> \(p :: (* -> * -> *) -> *) -> p (pat (withSpine b))) withSpine pat) spine)) (\(k :: ((* -> * -> *) -> *) -> *) -> \(a :: *) -> \(b :: *) -> k (\(r :: * -> * -> *) -> r a b)) (\(interlist :: * -> * -> *) -> \(a :: *) -> \(b :: *) -> all (r :: *). r -> (a -> b -> interlist b a -> r) -> r) a b -> r)) -> \(u : all (a :: *). a -> a) -> /\(a :: *) -> /\(b :: *) -> \(f' : a -> b -> r -> r) -> \(xs : (\(withSpine :: (((* -> * -> *) -> *) -> *) -> * -> * -> *) -> \(pat :: (* -> * -> *) -> * -> * -> *) -> withSpine (\(spine :: (* -> * -> *) -> *) -> ifix ((\(withSpine :: (((* -> * -> *) -> *) -> *) -> * -> * -> *) -> \(pat :: (* -> * -> *) -> * -> * -> *) -> \(b :: ((* -> * -> *) -> *) -> *) -> \(p :: (* -> * -> *) -> *) -> p (pat (withSpine b))) withSpine pat) spine)) (\(k :: ((* -> * -> *) -> *) -> *) -> \(a :: *) -> \(b :: *) -> k (\(r :: * -> * -> *) -> r a b)) (\(interlist :: * -> * -> *) -> \(a :: *) -> \(b :: *) -> all (r :: *). r -> (a -> b -> interlist b a -> r) -> r) a b) -> unwrap xs {r} z (\(x : a) -> \(y : b) -> \(xs' : (\(withSpine :: (((* -> * -> *) -> *) -> *) -> * -> * -> *) -> \(pat :: (* -> * -> *) -> * -> * -> *) -> withSpine (\(spine :: (* -> * -> *) -> *) -> ifix ((\(withSpine :: (((* -> * -> *) -> *) -> *) -> * -> * -> *) -> \(pat :: (* -> * -> *) -> * -> * -> *) -> \(b :: ((* -> * -> *) -> *) -> *) -> \(p :: (* -> * -> *) -> *) -> p (pat (withSpine b))) withSpine pat) spine)) (\(k :: ((* -> * -> *) -> *) -> *) -> \(a :: *) -> \(b :: *) -> k (\(r :: * -> * -> *) -> r a b)) (\(interlist :: * -> * -> *) -> \(a :: *) -> \(b :: *) -> all (r :: *). r -> (a -> b -> interlist b a -> r) -> r) b a) -> f' x y (rec (/\(a :: *) -> \(x : a) -> x) {b} {a} (\(y' : b) -> \(x' : a) -> f' x' y') xs'))) (/\(a :: *) -> \(x : a) -> x) {a0} {b0}