/\(a :: *) -> /\(b :: *) -> \(x : a) -> \(y : b) -> \(xs : (\(withSpine :: (((* -> * -> *) -> *) -> *) -> * -> * -> *) -> \(pat :: (* -> * -> *) -> * -> * -> *) -> withSpine (\(spine :: (* -> * -> *) -> *) -> ifix ((\(withSpine :: (((* -> * -> *) -> *) -> *) -> * -> * -> *) -> \(pat :: (* -> * -> *) -> * -> * -> *) -> \(b :: ((* -> * -> *) -> *) -> *) -> \(p :: (* -> * -> *) -> *) -> p (pat (withSpine b))) withSpine pat) spine)) (\(k :: ((* -> * -> *) -> *) -> *) -> \(a1 :: *) -> \(a2 :: *) -> k (\(r :: * -> * -> *) -> r a1 a2)) (\(interlist :: * -> * -> *) -> \(a :: *) -> \(b :: *) -> all (r :: *). r -> (a -> b -> interlist b a -> r) -> r) b a) -> wrap ((\(withSpine :: (((* -> * -> *) -> *) -> *) -> * -> * -> *) -> \(pat :: (* -> * -> *) -> * -> * -> *) -> \(b :: ((* -> * -> *) -> *) -> *) -> \(p :: (* -> * -> *) -> *) -> p (pat (withSpine b))) (\(k :: ((* -> * -> *) -> *) -> *) -> \(a1 :: *) -> \(a2 :: *) -> k (\(r :: * -> * -> *) -> r a1 a2)) (\(interlist :: * -> * -> *) -> \(a :: *) -> \(b :: *) -> all (r :: *). r -> (a -> b -> interlist b a -> r) -> r)) (\(r :: * -> * -> *) -> r a b) (/\(r :: *) -> \(z : r) -> \(f : a -> b -> (\(withSpine :: (((* -> * -> *) -> *) -> *) -> * -> * -> *) -> \(pat :: (* -> * -> *) -> * -> * -> *) -> withSpine (\(spine :: (* -> * -> *) -> *) -> ifix ((\(withSpine :: (((* -> * -> *) -> *) -> *) -> * -> * -> *) -> \(pat :: (* -> * -> *) -> * -> * -> *) -> \(b :: ((* -> * -> *) -> *) -> *) -> \(p :: (* -> * -> *) -> *) -> p (pat (withSpine b))) withSpine pat) spine)) (\(k :: ((* -> * -> *) -> *) -> *) -> \(a1 :: *) -> \(a2 :: *) -> k (\(r :: * -> * -> *) -> r a1 a2)) (\(interlist :: * -> * -> *) -> \(a :: *) -> \(b :: *) -> all (r :: *). r -> (a -> b -> interlist b a -> r) -> r) b a -> r) -> f x y xs)