(\(withSpine :: (((* -> * -> *) -> *) -> *) -> * -> * -> *) -> \(pat :: (* -> * -> *) -> * -> * -> *) -> withSpine (\(spine :: (* -> * -> *) -> *) -> ifix ((\(withSpine :: (((* -> * -> *) -> *) -> *) -> * -> * -> *) -> \(pat :: (* -> * -> *) -> * -> * -> *) -> \(b :: ((* -> * -> *) -> *) -> *) -> \(p :: (* -> * -> *) -> *) -> p (pat (withSpine b))) withSpine pat) spine)) (\(k :: ((* -> * -> *) -> *) -> *) -> \(a :: *) -> \(b :: *) -> k (\(r :: * -> * -> *) -> r a b)) (\(interlist :: * -> * -> *) -> \(a :: *) -> \(b :: *) -> all (r :: *). r -> (a -> b -> interlist b a -> r) -> r)