(program
  (let
    (nonrec)
    (datatypebind
      (datatype
        (tyvardecl Bool (type))

        Bool_match
        (vardecl True Bool) (vardecl False Bool)
      )
    )
    (datatypebind
      (datatype
        (tyvardecl Ordering (type))

        Ordering_match
        (vardecl EQ Ordering) (vardecl GT Ordering) (vardecl LT Ordering)
      )
    )
    (termbind
      (strict)
      (vardecl
        fOrdData_ccompare (fun (con integer) (fun (con integer) Ordering))
      )
      (lam
        x
        (con integer)
        (lam
          y
          (con integer)
          {
            [
              [
                {
                  [
                    Bool_match
                    [
                      [
                        [
                          { (builtin ifThenElse) Bool }
                          [ [ (builtin equalsInteger) x ] y ]
                        ]
                        True
                      ]
                      False
                    ]
                  ]
                  (all dead (type) Ordering)
                }
                (abs dead (type) EQ)
              ]
              (abs
                dead
                (type)
                {
                  [
                    [
                      {
                        [
                          Bool_match
                          [
                            [
                              [
                                { (builtin ifThenElse) Bool }
                                [ [ (builtin lessThanEqualsInteger) x ] y ]
                              ]
                              True
                            ]
                            False
                          ]
                        ]
                        (all dead (type) Ordering)
                      }
                      (abs dead (type) LT)
                    ]
                    (abs dead (type) GT)
                  ]
                  (all dead (type) dead)
                }
              )
            ]
            (all dead (type) dead)
          }
        )
      )
    )
    fOrdData_ccompare
  )
)