option --match-asset-id: Expected Base16-encoded bytestring, but got 00aPolicyIdOfCorrectLength000000000000000000000000000000000000; invalid character at offset: 3

Usage: marconi-sidechain-experimental 
  [--version]
  [--debug]
  (-s|--socket-path FILE-PATH)
  --node-config-path ARG
  (-d|--db-dir DIR)
  [--http-port INT]
  (--mainnet | --testnet-magic NATURAL)
  [(-a|--addresses-to-index BECH32-ADDRESS)]
  [(--match-asset-id POLICY_ID[.ASSET_NAME])]
  [--initial-retry-time NATURAL]
  [--no-max-retry-time | --max-retry-time NATURAL]
  [ --start-from-genesis
  | --start-from-last-sync-points
  | --start-from SLOT-NO:BLOCK-HEADER-HASH
  ]

  marconi-sidechain
