option --addresses-to-index: Invalid address (not a valid Bech32 address representation): "addr1x8phkx6acpnf78fuvxn0mkew3l0fd058hzquvz7w36x4gt7r0vd4msrxnuwnccdxlhdjar77j6lg0wypcc9uar5d2shskhj42"

Usage: marconi-sidechain-experimental 
         [--version] (-s|--socket-path FILE-PATH) --node-config-path ARG
         (-d|--db-dir DIR) [--http-port INT] 
         (--mainnet | --testnet-magic NATURAL) 
         [--max-indexing-depth | --min-indexing-depth NATURAL] 
         [(-a|--addresses-to-index BECH32-ADDRESS)] 
         [(--match-asset-id POLICY_ID[.ASSET_NAME])] 
         [--fail-if-resyncing-from-genesis] [--initial-retry-time NATURAL] 
         [--no-max-retry-time | --max-retry-time NATURAL] 
         [--start-from-genesis | --start-from-last-sync-points | 
           start-from (n|--slot-no SLOT-NO) (b|--block-header-hash BLOCK-HEADER-HASH)]

  marconi-sidechain
