[{"block_no":6405199,"time":"2021-10-22T21:41:15","epoch_no":297}]
