[{"spentAtTxId" : "da0b3f431b25cc786fb8e1f5fa0ab3696c92902689ef982dd9e790e70207a02d", "spentTxOutRef" : "00eb71ea12bc761a7d3ba1884e130cf13e2e9dd2e2c6a7d85133f805c33a28d1#1"}, {"spentAtTxId" : "212d4043d5e18c14e309ec623a791ba9654dc7666f6ada4e29dbf642047ff534", "spentTxOutRef" : "03182af76298e5acbbb03dea59933efb2672adcc55a384ab248e8f24b809ebc0#1"}, {"spentAtTxId" : "701fd2b79f8b0ca891d3c9588ac6d9ce99197c54a7d5194f88923971861331a3", "spentTxOutRef" : "04b5084d5407d9d0d1e751fd000e90c27e6550eb7559420e6a6a3fccafad1438#1"}, {"spentAtTxId" : "339174a324f9a1153bb0f59a031abf0c897b7e4b8e907909f62810f39a547ae6", "spentTxOutRef" : "058160459ee7393e850f9e4ca43616e5de10051748a62779445f370532e79925#0"}, {"spentAtTxId" : "84ea2354ebce088b8a0c7b04eee6011b1ab8f5e02266dba0e72072200719c7c7", "spentTxOutRef" : "07a8617b95befd0a59965b2e2f2abef0e331d51adc17b54ad8dda1e02d16473d#0"}, {"spentAtTxId" : "17926bf9d7e4b014c4ae336bb711a1c1cf49a7c4a3e707eb8cc307b8f2a050dd", "spentTxOutRef" : "08548241d4aaca3aec6ad42da2526c7fada22eca794e7e9e203eb1fb0df1954d#1"}, {"spentAtTxId" : "7aad1fb749ac523b80354e173866b49a5ee751da0fe78f302b8644f188abb2aa", "spentTxOutRef" : "08a256722da9c71405c623999d57fccac137d53e87cd8346f8d30ade66ba32eb#1"}, {"spentAtTxId" : "8241c3177522f54f805d527c95e13c9fce72a659c0ee92e902f34db7ba4dcbec", "spentTxOutRef" : "10d169321011462361e9abbec19f37a00153765641dce317f77acfbe331ee231#1"}, {"spentAtTxId" : "e57398d95305d098e4b17a57829db904a95f43a646df20a406e13fbd3b5fc110", "spentTxOutRef" : "13626f37de2a37066d34a355c47cf44a175b3f594fab6198b224d88e2e271488#0"}, {"spentAtTxId" : "b520c152f0a2960b5a40d2e8049f6c68ef0a316022df5b919bd7827723e90caa", "spentTxOutRef" : "137b9934ac91e52fd73af86b0afb72490b9b8549ef6031bed6bea3edaa48c6b7#0"}, {"spentAtTxId" : "bf61ca3dbdb24c6154860185bb332caf78f4a6b600ce490c9925ac6bc22f45cd", "spentTxOutRef" : "18ed87b48604ae52606b9a9d51e407d0370e4b30e9080b3169e4bcedb776207d#1"}, {"spentAtTxId" : "be5c205e7f9ea6f57919a18feb5127bc263f8652a68bf9e76ff0ca1b48f4d774", "spentTxOutRef" : "1afa59c07fd7714132fcf41b1040a2482ea220a71a6e21791c56cb345d27bee6#0"}, {"spentAtTxId" : "66dec0730c39c6f5ff53ec83cfa42e3405e59bcec008a132b7d4b9d2da9d132e", "spentTxOutRef" : "1b71e5ada92da2eaad7c103d3793a990af2319f4ef159c6fabd7a12ba3f879d7#0"}, {"spentAtTxId" : "497063435287e92b74d06fbb8fb010366009148ef71b6e2121c6d33c99d003c7", "spentTxOutRef" : "1f47ebdedd9f125c4a7fb3db2b391a94f43ae26413ab4aa11a1f6ef99baee733#1"}, {"spentAtTxId" : "0602c428a47f71c26e7a7ce57ae1f7c613b34f9f091a8b010ce143fccad0fe29", "spentTxOutRef" : "2ec87cf064e7316c72a2cc1a151198474a5a565d5e348f8ab19701738b669362#0"}, {"spentAtTxId" : "31bf9baab2ba7af38c3c9eb3b9406af41d03750fd9ac84c08729ed722d34b3ba", "spentTxOutRef" : "319cc1bd5f6d6e53f9df1a14ab14dc115aba9791048cbe1ce2a8bef61e70335c#0"}, {"spentAtTxId" : "96beeed65a5d3fba664c40651f5084039f2bdbc72d1613c4386e50f9991e2864", "spentTxOutRef" : "327a07650dbb96111b8fe808e6080cd0474169e1f37a75b3a00a74be0d08a973#0"}, {"spentAtTxId" : "9943f2b0f826dcab0be79a0adf5f1d09c3be9d7a8be8d3ca86541cb3452920af", "spentTxOutRef" : "33867a6b10fb225317aa7204dc1b643df6de9aa4165518b7fa93d941935e9904#7"}, {"spentAtTxId" : "9174399dcd1c03ffd105fec3e2de00675ea464d14ce38e398ec23b4f4596456a", "spentTxOutRef" : "33e868e144429c3fb232d9298be9e36670de7935af2215e1626af8e127927061#1"}, {"spentAtTxId" : "eea0fb68cb41fbf0ddcf5fd8652b45574940f2c26e547719da1af5bd4c053109", "spentTxOutRef" : "3427fb092a087945f5a016646bade0154e449155d5b1a266e4ccde6a80f1a0f1#0"}, {"spentAtTxId" : "c5700a66822ca5617fe77d3f421ac74bb7d29af89620686a6d660e909047c731", "spentTxOutRef" : "34ba5a85e917ce4930300d5906d9da1c8fd332e16291a661adf5ac63c165995d#1"}, {"spentAtTxId" : "8241c3177522f54f805d527c95e13c9fce72a659c0ee92e902f34db7ba4dcbec", "spentTxOutRef" : "3523f9f7176eb8b4e835722fdadeb839e8bf43565d64032879b7799583057f9c#0"}, {"spentAtTxId" : "f7e27d5e59122cd9e1d038e902685b9a7326f03f9d04202a80f9dd6efe7cfb32", "spentTxOutRef" : "363d7a1ff27472228338aec447c3b4c5cc5fc8bc40760ee7076a6769cf239dc1#1"}, {"spentAtTxId" : "5418f35d4bee85dc841a6fd2617133d0aad9a38ac67eb0f4f3073a5af2fb492b", "spentTxOutRef" : "3650540ca26b22596543862300899b7e51af75f933dd70c8bc717e6f9346d5bc#1"}, {"spentAtTxId" : "9c197a00e426476e9ad7430c43f8362160dd3b26a140248e99c65b8aa1a85a2b", "spentTxOutRef" : "38fa61027ab0f224c7f6e7ed0813da39e360dbc332e34c2c81d9fb0b8a791455#1"}, {"spentAtTxId" : "1fd87c28abc86866b1d7f67e982cca966a0edad38035329c7e25fd69c00f3adb", "spentTxOutRef" : "42921e9eddbcfe72ac608b0abf93db370c74f58bb16323614e2d92dbb0254d84#1"}, {"spentAtTxId" : "72ad3072bdacd9b923a57b67ec9b90e73671fc2580c9b9caf7e3fc746850efcf", "spentTxOutRef" : "45943d264f8beed7f4f1ca706f8f809709f8499aeac80a29f672833a0be631d1#1"}, {"spentAtTxId" : "2e874b56695e687d2f55cca5a253deba6c35139209542cb14341cffc68c95bb1", "spentTxOutRef" : "479498285069510b1b11196bffb9ad63b43c7f22711982c4e012d2b5b3f4a4b5#2"}, {"spentAtTxId" : "b520c152f0a2960b5a40d2e8049f6c68ef0a316022df5b919bd7827723e90caa", "spentTxOutRef" : "4f0ba79a4383dccf9183fc931184a93bb556b4bf76545912392980f4d3328e63#0"}, {"spentAtTxId" : "6ffc3bd7f75a5bdd177c4955c681480e9f891ac856d76a92b27e23e19475e7fa", "spentTxOutRef" : "5071f7fccde287ef725a96c7fd134af9c3031b3e3e8aae7e6082b2d432819fa5#0"}, {"spentAtTxId" : "fd59aa5e45eced184f9a2c81aac282345f17aa6c70efbfe5945ea0f4deafaf36", "spentTxOutRef" : "54bc0b7c3b44c30c2934434818790d385e2188bebf73aa55e09d983d5b2a1b85#0"}, {"spentAtTxId" : "bf61ca3dbdb24c6154860185bb332caf78f4a6b600ce490c9925ac6bc22f45cd", "spentTxOutRef" : "584c4c0e5d93cc01b1f13ab3cdb549a88dc15970c21e2d42a47759944c1ec6ad#0"}, {"spentAtTxId" : "7aad1fb749ac523b80354e173866b49a5ee751da0fe78f302b8644f188abb2aa", "spentTxOutRef" : "58bbe1949224721c78ac5198bb2ad7a5b136fab4be23159355db98b5c2a0dd46#10"}, {"spentAtTxId" : "0f0719cb5f55466d13a1ae89e7ae0639ba4f8e4ba2723562b7151c2c826256df", "spentTxOutRef" : "5954fc21e41cb288e240fdb12552b68bfed81ab74785690107204a42f99c4235#1"}, {"spentAtTxId" : "e57398d95305d098e4b17a57829db904a95f43a646df20a406e13fbd3b5fc110", "spentTxOutRef" : "61e4bf1649969f0481d1c71e7ce4555baa41de4ab4b28da97090ae84f1ae0534#1"}, {"spentAtTxId" : "ea2a93160f70b925bcb4153f08585c21ba16e9c203418503560c0024435b8682", "spentTxOutRef" : "620fed7802bcd2d03bfdfb282bea6495261b8be3fce6c9c5dc4f96052e4e688b#0"}, {"spentAtTxId" : "4d6aed3f69fbcda1cf2a2b7806acd0bf275b0d410c3e900a0ceae42e9c2b5500", "spentTxOutRef" : "650be0697565a4050d14b28fc15cbb563d028e18dd31b71ed8ca149fbfdc50df#1"}, {"spentAtTxId" : "97779c4e21031457206c64c4f6adee02287178ba24242de475c68d7fbe1f12ba", "spentTxOutRef" : "65d90890c2b949d0343b9414c3b2a6309bd7fb6f12fe203631bc51cfdbce3210#0"}, {"spentAtTxId" : "e57398d95305d098e4b17a57829db904a95f43a646df20a406e13fbd3b5fc110", "spentTxOutRef" : "664537250483ab10944534c8440d709f747d6976d5422ff3d179273bcbcdf6fe#0"}, {"spentAtTxId" : "bff92bb2de30c86baefe8c2a7b94b4248ee8c1f6786fc28a85e02800ea724a79", "spentTxOutRef" : "665f4385b4d3deb5875742c477a2c6aa602367b29b12b123b783c9b81f1195cc#1"}, {"spentAtTxId" : "bff92bb2de30c86baefe8c2a7b94b4248ee8c1f6786fc28a85e02800ea724a79", "spentTxOutRef" : "66884bf10a7b839abf486345c871977c279146e1bb0063c9f8eed87fffdf9625#1"}, {"spentAtTxId" : "a08347b5eb8f7e6aec5e146bb87c72b41dda41d4d25a2cd4d92d12ba971ab5ec", "spentTxOutRef" : "66ba77b32d34a4d7d62437210831bb7107dd07d43e80aa17c20fbdd03d2a2438#2"}, {"spentAtTxId" : "7aad1fb749ac523b80354e173866b49a5ee751da0fe78f302b8644f188abb2aa", "spentTxOutRef" : "66cf1ffc7c2c4ffd1b8d1e606c2c46b63d8347ee8cd94270a9db830d2e327831#0"}, {"spentAtTxId" : "6ffc3bd7f75a5bdd177c4955c681480e9f891ac856d76a92b27e23e19475e7fa", "spentTxOutRef" : "69e01adf272a0bc80cf69c5be7ff87e19ae4b35fb77f39d4628b00aed140a620#1"}, {"spentAtTxId" : "1601455bc5db00525999385b62d2bb55f577043b0874d2ad373804c9f8285cb1", "spentTxOutRef" : "6a47d3b18f0e0e59101ee45f6f0383eb10f85b8574fcb1f050061dbddb2061a7#1"}, {"spentAtTxId" : "0f486c92da0a491e9c16fdc0b627ddba0cc5cc6a9254f9dda4e0fe935527bddd", "spentTxOutRef" : "6be18142edac9a6aaeb88f356beb3c9622d27ac5e7f88ec9f4da4cea06a10a73#0"}, {"spentAtTxId" : "72ad3072bdacd9b923a57b67ec9b90e73671fc2580c9b9caf7e3fc746850efcf", "spentTxOutRef" : "6be7df762f436e559a3e68479b12798c3ccec4bdc94edae5d81f3f6adc8bc104#0"}, {"spentAtTxId" : "54e48f8edb9d644a21a4b51cbb629b62ac4f2a46230ed9d8e6cb02e6cf0e6a96", "spentTxOutRef" : "6c69c811d4cd7c9a80f650eec3f1fb9e9fd5e0fdafd300230ed8cb8256bb6faf#1"}, {"spentAtTxId" : "66dec0730c39c6f5ff53ec83cfa42e3405e59bcec008a132b7d4b9d2da9d132e", "spentTxOutRef" : "6cfa13795206c5baec794417ce9e982d332e84d256b0c38992d9f775f01585e8#2"}, {"spentAtTxId" : "54e48f8edb9d644a21a4b51cbb629b62ac4f2a46230ed9d8e6cb02e6cf0e6a96", "spentTxOutRef" : "6d8841e1b40ed10984c0e71429ef9b0cdf3d1494022f3be3db0ed1150fe503e3#0"}, {"spentAtTxId" : "ee40cad4759eb9129c2a500b6308099b0cd6badd46abd207ba01ba0bbde31318", "spentTxOutRef" : "6ea617f4ece5364f1804a5fba33ca392e438f54382910efc58f9708666a7a7bf#0"}, {"spentAtTxId" : "f6846f31158721ba98902448409a4f76db2eae71c370b5383dd73be17ccfc89e", "spentTxOutRef" : "7124eb4ea8f519c979b8c6e38d50f11d4490137dcedeb471bd9deaa41527dac8#1"}, {"spentAtTxId" : "b9ea2db865f516aef15171a307b34fdd89698748bbc126d713c2613a279e2e40", "spentTxOutRef" : "728c4072cd7cb524211c9c2de820299da981f3c24edb2b8f45e5fd2588433262#1"}, {"spentAtTxId" : "9c197a00e426476e9ad7430c43f8362160dd3b26a140248e99c65b8aa1a85a2b", "spentTxOutRef" : "72a415ee0df6eb0592b0a3fc45211d2458051ce402b882e290e105e7e07b0b6d#1"}, {"spentAtTxId" : "f55e449bc4571131d4842f854fb28702fb67d7e288220105c040d7b2c3e5a717", "spentTxOutRef" : "77c0d669a4cd26c37e758a13cb1cd9d7eea324774497443a63703766578676d0#1"}, {"spentAtTxId" : "953dc82b456195615490f3723381affbdeb497dd6e2b7fc0afdb97501d4c8c46", "spentTxOutRef" : "7ad3cb2f20e007b30d36d72c6f86a97c6ee7cf46dfb8178be3d4d12eb6b1fa6e#6"}, {"spentAtTxId" : "5418f35d4bee85dc841a6fd2617133d0aad9a38ac67eb0f4f3073a5af2fb492b", "spentTxOutRef" : "7cd6c8a610c6b89782b05266138840491def8a5b1dedc169eb5f48f83c811c58#0"}, {"spentAtTxId" : "c580442fea2b08c676be7e4be868042ef3fac2f279edf82ed121b520e9c80ba0", "spentTxOutRef" : "7f3752b3917bf335904c140d5132bf2d8555f529613ef4ba0b7f4554ef611db4#0"}, {"spentAtTxId" : "497063435287e92b74d06fbb8fb010366009148ef71b6e2121c6d33c99d003c7", "spentTxOutRef" : "81c02e2edf333648e47d0a6305665a39acf848d1b2a19fa1d0994aa36e97483c#1"}, {"spentAtTxId" : "c580442fea2b08c676be7e4be868042ef3fac2f279edf82ed121b520e9c80ba0", "spentTxOutRef" : "81fc3601952cbbeca02285c7f3b59a47547e091fb308e0f12a2bdc2ab950e6f8#0"}, {"spentAtTxId" : "956c591febf6862c3f24b2d57617b04f4f2c6d36ac3e30afaa1d3f1c4bbc0273", "spentTxOutRef" : "857b558b80135e9308ebdb371111dc35f977c5d746991929bdd6208905e0ceb7#0"}, {"spentAtTxId" : "331491817b760b5b87593198c0a3b5776a8d225a5c2f191c18f4e8f61fffbf1b", "spentTxOutRef" : "87b9b1122f44e7e586d69ef9e1ad7934fe608d618baeef8aca9ea363fad59dfb#1"}, {"spentAtTxId" : "c6a8e1e55a5f8adc3facda029a8a91a3cac37a23b5e012c8d9888786edc5f7a7", "spentTxOutRef" : "88c3ed2d51626da5f2ca05f1fdd3d3a99f1e792b2798f0aa9cff3fd5a50e81c7#1"}, {"spentAtTxId" : "b51a6a68f6ff8c0e466befe018eca79bd3462d0138892ab54a7b0aa4b295ce41", "spentTxOutRef" : "8949a09f2e7b07a3b8194e748ca4541ab292c75648e2d779c44ec437fdd10836#0"}, {"spentAtTxId" : "96beeed65a5d3fba664c40651f5084039f2bdbc72d1613c4386e50f9991e2864", "spentTxOutRef" : "8ec7941a60e0be37bdb6375b0488a9a98b52abeabfd83c558650d279513b51ea#0"}, {"spentAtTxId" : "da8a8699ea9eb4b4286c98820bcc349a86609fcf75b8a4416681c875dc19ad08", "spentTxOutRef" : "9092467ffc4aeafba287715234722d85b1187ff42cebba9d3a803a2238cab42d#1"}, {"spentAtTxId" : "7aad1fb749ac523b80354e173866b49a5ee751da0fe78f302b8644f188abb2aa", "spentTxOutRef" : "93102b3a86ae0eaf7af8433c3475fb4afe4ec1bd65289609ae12f683866afaf2#1"}, {"spentAtTxId" : "804daa084226cd2ef9d7a8b45507a24d0da1c708cb0294db2240dca64e596288", "spentTxOutRef" : "973a87ecef6ad01bc3e99c5ac5337b1a4c2db5a5ec7a742853c464aff1691c05#1"}, {"spentAtTxId" : "9c197a00e426476e9ad7430c43f8362160dd3b26a140248e99c65b8aa1a85a2b", "spentTxOutRef" : "98f117343a0f204532ba4740d669363ee18fe10c9bea78036a3093551960b4a4#1"}, {"spentAtTxId" : "ead656a9b0f1635194ec314241054f5093eed7fa344ea4a3b771ab6d91530c17", "spentTxOutRef" : "9e831251b4f4f2d632930b2777de18fd049e7955eb26df6e36877babfd47276d#1"}, {"spentAtTxId" : "3ba2532163d1c0da677f953b917cecfc289d29a8cbc19d710f6725b41be252b9", "spentTxOutRef" : "9fb8d4d4a00a55d6b302cd6085ca30969206cd2d01fbe9ce533e969e4fa7f7e7#1"}, {"spentAtTxId" : "0f0719cb5f55466d13a1ae89e7ae0639ba4f8e4ba2723562b7151c2c826256df", "spentTxOutRef" : "a240dbbc2897e38041903afbec955036f2e02da7e697511a439bdc1799465c78#1"}, {"spentAtTxId" : "6447962259230c17cb401d0fe38b96d6a36409256e9f6bdc051a40d70ba71d11", "spentTxOutRef" : "a5598fe6ff83d73db07ceb0f09534bae6e1d928175387c480d86f740099a5832#1"}, {"spentAtTxId" : "5418f35d4bee85dc841a6fd2617133d0aad9a38ac67eb0f4f3073a5af2fb492b", "spentTxOutRef" : "a90046b2c507d970350dd101f80cae88099eb9c16ff58dc2ca3141cebe14b7d6#1"}, {"spentAtTxId" : "0d9dd24ba58040d85fe524ec1c8de054216f14877dd06fb6c10549083fab6b74", "spentTxOutRef" : "ac6a65586d3e285d18135360056adbd224a65270dd57413d5afaa581da1419ec#1"}, {"spentAtTxId" : "6bb411ffe642f6b9c73d512d8f0d79de60cde8143e10a395542a3ed40d7fd9dd", "spentTxOutRef" : "b9811ca1efe3fca961e393390ef7c52728063d0e054a3fd5d7605c466550b728#0"}, {"spentAtTxId" : "1b13485dc1e3cee62cd781f759225a89f6a328f470e06f43738fa57d904e4a4e", "spentTxOutRef" : "bb913fe3add0fb8afdbc1ac93a515e524054f4e87b9f492d256423481e9d11d9#1"}, {"spentAtTxId" : "515076248d7025511cf076db178c265a0f805137602cfae6dc860491fd72a0d6", "spentTxOutRef" : "bc29dd01c6fd5aea95e7a7d9b3e23ea7d4abe654ec670a44205416ff343786c0#1"}, {"spentAtTxId" : "96beeed65a5d3fba664c40651f5084039f2bdbc72d1613c4386e50f9991e2864", "spentTxOutRef" : "c24f10891c56d2990c479a2bd445e883fe69a23620e038bc4b46f63cbac40e16#1"}, {"spentAtTxId" : "3f602e2de5e3817ee4aa5d9661fe29f663fb22f74c22557a2f575ec039e338ab", "spentTxOutRef" : "c2df2400445f166b1db58b3716a79dda6c4f9cbf5a2867a49f2a63cfb019b8e1#0"}, {"spentAtTxId" : "c580442fea2b08c676be7e4be868042ef3fac2f279edf82ed121b520e9c80ba0", "spentTxOutRef" : "c419da88588b1a297a3296e0359780ed5adc923f68948b1aa51c5a2d48bad762#0"}, {"spentAtTxId" : "d4bee8375bdf32c7761858448ca02375c37070f375a29b3cade90670b08b9c1c", "spentTxOutRef" : "c97fa6edf700681115c54bbab8802a995d6afc4434176f3dbd029a6e874680a2#0"}, {"spentAtTxId" : "403b6defe62769c2c4c8e1c905d61c970d688a8de944322125b0e7501a0e48a1", "spentTxOutRef" : "cc2db9d3cf3fdf80f772c42e26b9f7d180204cb1b84a6b0072a8f01c3f1b0c50#0"}, {"spentAtTxId" : "4997d08fa4f06ba2c23e0d045707b8ebcc9cbd7887e7d72c2819021d83ca2e80", "spentTxOutRef" : "d11f3f2084ab339ed298c30504a134ab11d1daa4672e8c391fa984cefe3e0379#1"}, {"spentAtTxId" : "46c404fe43ca94241878a76657ce091c64b96b9e7bf37ffa2c159f399d2d5515", "spentTxOutRef" : "d15d3353740564b0afc7f454636e75caf021d9992d3e8dea23eb58a05fbe9e9a#1"}, {"spentAtTxId" : "b2490c5f4dbb078b7f57b3655539c4f404aabd2f812c10e23f115b71e2005fd9", "spentTxOutRef" : "d1d2d4816b989dbbf7d44a243626d4b9b435ffe0e53ab0e45b71919f6bfa9a2d#1"}, {"spentAtTxId" : "46c404fe43ca94241878a76657ce091c64b96b9e7bf37ffa2c159f399d2d5515", "spentTxOutRef" : "d9ab8eb905342bd9dcb3412daa55319a60ad721b83dee1814d67ce9b222db6f1#0"}, {"spentAtTxId" : "1b13a3552357e64f34c481385237b521d981914e0c1b20b44903288247b25e80", "spentTxOutRef" : "dbeedffd5cd1ae6123dd4b471ac89cb1e82b5efe70b030c4d3866e3aa2c9dda0#0"}, {"spentAtTxId" : "ead656a9b0f1635194ec314241054f5093eed7fa344ea4a3b771ab6d91530c17", "spentTxOutRef" : "dd7feed2c5827cb22b9ba7da17585cd72e80d7ebc438804307245d2511f1b452#0"}, {"spentAtTxId" : "8cb14a8e2017e0fa49a7e3f4375f733e74ebc16782996aa7fbace1fb6e6be6ab", "spentTxOutRef" : "de736ad7f873a92af1bfba0dce49ba65d425ae5d03d6989ef96cda80c9e5a12c#1"}, {"spentAtTxId" : "da8a8699ea9eb4b4286c98820bcc349a86609fcf75b8a4416681c875dc19ad08", "spentTxOutRef" : "def6eca3e224c0b75297f76b869321dbc8290dd7a4aa1a33006cb7462b6dbdbe#0"}, {"spentAtTxId" : "84ea2354ebce088b8a0c7b04eee6011b1ab8f5e02266dba0e72072200719c7c7", "spentTxOutRef" : "e19066d17db4fefe01ab0c3a2f4bcf6ceb5dd19d126e10f1ed864b22313ef3f3#0"}, {"spentAtTxId" : "49610b34ae03a20d1a9f08232c2390aabae9905951c825318a53d49cf7b9dad8", "spentTxOutRef" : "e3293388762bf418e72a7cea08b24b05eec7ac8c1002c9f434a73952b4c675d0#1"}, {"spentAtTxId" : "2e874b56695e687d2f55cca5a253deba6c35139209542cb14341cffc68c95bb1", "spentTxOutRef" : "e4fc7368f7005ec7359e8763e4c3274270784703cbccf7e9a30c2bbc1e340679#2"}, {"spentAtTxId" : "c36b8691ce9547ea4d7fbbb8d9b19c6fa3b1e1889842ab88b4abaa697f7bcced", "spentTxOutRef" : "e8d1d65707fca5c945f382e0705e4d964eb65710eef0fba6623b729d1de23cce#0"}, {"spentAtTxId" : "6ffc3bd7f75a5bdd177c4955c681480e9f891ac856d76a92b27e23e19475e7fa", "spentTxOutRef" : "f26c08c71cab036172f59f1989976d01e534f6e5478dee227c11afbfc9026291#1"}, {"spentAtTxId" : "46c404fe43ca94241878a76657ce091c64b96b9e7bf37ffa2c159f399d2d5515", "spentTxOutRef" : "f33b2352ef8a71f2960838bda243d2cc5bd964002c5b9530b3cbcc580f1aa24f#1"}, {"spentAtTxId" : "72ad3072bdacd9b923a57b67ec9b90e73671fc2580c9b9caf7e3fc746850efcf", "spentTxOutRef" : "f59d3672eca2dee0f0696296abbea4e23a4c4362d66d58e176ad8e10713bbae3#1"}, {"spentAtTxId" : "1ac8dc4113888939bcc8ffd2c292b389b3b7abbf5f78f013980aba01b8b7663d", "spentTxOutRef" : "f68f703e6dee08a31a78db1bdb2069732cd538269e0aa75d03b95c684686339a#0"}, {"spentAtTxId" : "319d70f7eb4d593ec5b9aabcaf1d20f4031179fd0cde3bba9400c82e381b448c", "spentTxOutRef" : "f87ace1cf17eecd757f565ce67a7ec39ee424c1ac9eb010d37d88e1a42608604#0"}, {"spentAtTxId" : "96beeed65a5d3fba664c40651f5084039f2bdbc72d1613c4386e50f9991e2864", "spentTxOutRef" : "fde9a3fd9025054b63d306bfb97aa1114e522189dd430868e9be07275c6bb7fe#1"}]
