Starting from ChainPointAtGenesis. 
Synchronising (0%). Current synced point is ChainPointAtGenesis and current node tip is ChainTip(Slot 1000, BlockHash 6161616161616161616161616161616161616161616161616161616161616161, BlockNo 1000). Processed 0 blocks and 0 rollbacks in the last 10s.
Synchronising (10.00%). Current synced point is ChainPoint(Slot 100, BlockHash 6161616161616161616161616161616161616161616161616161616161616161) and current node tip is ChainTip(Slot 1000, BlockHash 6161616161616161616161616161616161616161616161616161616161616161, BlockNo 1000). Processed 10 blocks and 1 rollbacks in the last 10s (1 blocks/s).
Synchronising (50.00%). Current synced point is ChainPoint(Slot 500, BlockHash 6161616161616161616161616161616161616161616161616161616161616161) and current node tip is ChainTip(Slot 1000, BlockHash 6161616161616161616161616161616161616161616161616161616161616161, BlockNo 1000). Processed 40 blocks and 0 rollbacks in the last 10s (4 blocks/s).
Synchronising (80.00%). Current synced point is ChainPoint(Slot 800, BlockHash 6161616161616161616161616161616161616161616161616161616161616161) and current node tip is ChainTip(Slot 1000, BlockHash 6161616161616161616161616161616161616161616161616161616161616161, BlockNo 1000). Processed 30 blocks and 0 rollbacks in the last 10s (3 blocks/s).
Synchronising (90.00%). Current synced point is ChainPoint(Slot 900, BlockHash 6161616161616161616161616161616161616161616161616161616161616161) and current node tip is ChainTip(Slot 1000, BlockHash 6161616161616161616161616161616161616161616161616161616161616161, BlockNo 1000). Processed 10 blocks and 0 rollbacks in the last 10s (1 blocks/s).
Fully synchronised. Current synced point is ChainPoint(Slot 950, BlockHash 6161616161616161616161616161616161616161616161616161616161616161) and current node tip is ChainTip(Slot 1000, BlockHash 6161616161616161616161616161616161616161616161616161616161616161, BlockNo 1000). Processed 5 blocks and 2 rollbacks in the last 10s.
Fully synchronised. Current synced point is ChainPoint(Slot 1000, BlockHash 6161616161616161616161616161616161616161616161616161616161616161) and current node tip is ChainTip(Slot 1000, BlockHash 6161616161616161616161616161616161616161616161616161616161616161, BlockNo 1000). Processed 5 blocks and 3 rollbacks in the last 10s.