(program 1.0.0
  [
    [
      {
        (abs
          Unit_162
          (type)
          (lam
            Unit_163
            Unit_162
            (lam
              Unit_match_164
              (fun Unit_162 (all out_Unit_165 (type) (fun out_Unit_165 out_Unit_165)))
              [
                (lam
                  addInteger_166
                  (fun [(con integer) (con 8)] (fun [(con integer) (con 8)] [(con integer) (con 8)]))
                  [
                    (lam
                      subtractInteger_167
                      (fun [(con integer) (con 8)] (fun [(con integer) (con 8)] [(con integer) (con 8)]))
                      [
                        [
                          [
                            {
                              (abs
                                Bool_168
                                (type)
                                (lam
                                  True_169
                                  Bool_168
                                  (lam
                                    False_170
                                    Bool_168
                                    (lam
                                      Bool_match_171
                                      (fun Bool_168 (all out_Bool_172 (type) (fun out_Bool_172 (fun out_Bool_172 out_Bool_172))))
                                      [
                                        (lam
                                          equalsInteger_173
                                          (fun [(con integer) (con 8)] (fun [(con integer) (con 8)] Bool_168))
                                          [
                                            (lam
                                              tuple_174
                                              [(lam t_0_175 (type) (all r_176 (type) (fun (fun t_0_175 r_176) r_176))) (fun [(con integer) (con 8)] [(con integer) (con 8)])]
                                              [
                                                (lam
                                                  fib_177
                                                  (fun [(con integer) (con 8)] [(con integer) (con 8)])
                                                  fib_177
                                                )
                                                [
                                                  {
                                                    (abs
                                                      t_0_178
                                                      (type)
                                                      (lam
                                                        tuple_179
                                                        [(lam t_0_180 (type) (all r_181 (type) (fun (fun t_0_180 r_181) r_181))) t_0_178]
                                                        [
                                                          { tuple_179 t_0_178 }
                                                          (lam
                                                            arg_0_182
                                                            t_0_178
                                                            arg_0_182
                                                          )
                                                        ]
                                                      )
                                                    )
                                                    (fun [(con integer) (con 8)] [(con integer) (con 8)])
                                                  }
                                                  tuple_174
                                                ]
                                              ]
                                            )
                                            [
                                              {
                                                {
                                                  (abs
                                                    a_183
                                                    (type)
                                                    (abs
                                                      b_184
                                                      (type)
                                                      [
                                                        {
                                                          (abs
                                                            F_185
                                                            (fun (type) (type))
                                                            (lam
                                                              by_186
                                                              (fun (all Q_187 (type) (fun [F_185 Q_187] Q_187)) (all Q_188 (type) (fun [F_185 Q_188] Q_188)))
                                                              [
                                                                {
                                                                  {
                                                                    (abs
                                                                      a_189
                                                                      (type)
                                                                      (abs
                                                                        b_190
                                                                        (type)
                                                                        (lam
                                                                          f_191
                                                                          (fun (fun a_189 b_190) (fun a_189 b_190))
                                                                          [
                                                                            {
                                                                              (abs
                                                                                a_192
                                                                                (type)
                                                                                (lam
                                                                                  s_193
                                                                                  [(lam a_194 (type) (fix self_195 (fun self_195 a_194))) a_192]
                                                                                  [
                                                                                    (unwrap
                                                                                      s_193
                                                                                    )
                                                                                    s_193
                                                                                  ]
                                                                                )
                                                                              )
                                                                              (fun a_189 b_190)
                                                                            }
                                                                            (wrap
                                                                              self_196
                                                                              [(lam a_197 (type) (fun self_196 a_197)) (fun a_189 b_190)]
                                                                              (lam
                                                                                s_198
                                                                                [(lam a_199 (type) (fix self_200 (fun self_200 a_199))) (fun a_189 b_190)]
                                                                                (lam
                                                                                  x_201
                                                                                  a_189
                                                                                  [
                                                                                    [
                                                                                      f_191
                                                                                      [
                                                                                        {
                                                                                          (abs
                                                                                            a_202
                                                                                            (type)
                                                                                            (lam
                                                                                              s_203
                                                                                              [(lam a_204 (type) (fix self_205 (fun self_205 a_204))) a_202]
                                                                                              [
                                                                                                (unwrap
                                                                                                  s_203
                                                                                                )
                                                                                                s_203
                                                                                              ]
                                                                                            )
                                                                                          )
                                                                                          (fun a_189 b_190)
                                                                                        }
                                                                                        s_198
                                                                                      ]
                                                                                    ]
                                                                                    x_201
                                                                                  ]
                                                                                )
                                                                              )
                                                                            )
                                                                          ]
                                                                        )
                                                                      )
                                                                    )
                                                                    (all Q_206 (type) (fun [F_185 Q_206] [F_185 Q_206]))
                                                                  }
                                                                  (all Q_207 (type) (fun [F_185 Q_207] Q_207))
                                                                }
                                                                (lam
                                                                  rec_208
                                                                  (fun (all Q_209 (type) (fun [F_185 Q_209] [F_185 Q_209])) (all Q_210 (type) (fun [F_185 Q_210] Q_210)))
                                                                  (lam
                                                                    h_211
                                                                    (all Q_212 (type) (fun [F_185 Q_212] [F_185 Q_212]))
                                                                    (abs
                                                                      R_213
                                                                      (type)
                                                                      (lam
                                                                        fr_214
                                                                        [F_185 R_213]
                                                                        [
                                                                          {
                                                                            [
                                                                              by_186
                                                                              (abs
                                                                                Q_215
                                                                                (type)
                                                                                (lam
                                                                                  fq_216
                                                                                  [F_185 Q_215]
                                                                                  [
                                                                                    {
                                                                                      [
                                                                                        rec_208
                                                                                        h_211
                                                                                      ]
                                                                                      Q_215
                                                                                    }
                                                                                    [
                                                                                      {
                                                                                        h_211
                                                                                        Q_215
                                                                                      }
                                                                                      fq_216
                                                                                    ]
                                                                                  ]
                                                                                )
                                                                              )
                                                                            ]
                                                                            R_213
                                                                          }
                                                                          fr_214
                                                                        ]
                                                                      )
                                                                    )
                                                                  )
                                                                )
                                                              ]
                                                            )
                                                          )
                                                          (lam X_217 (type) (fun (fun a_183 b_184) X_217))
                                                        }
                                                        (lam
                                                          k_218
                                                          (all Q_219 (type) (fun (fun (fun a_183 b_184) Q_219) Q_219))
                                                          (abs
                                                            S_220
                                                            (type)
                                                            (lam
                                                              h_221
                                                              (fun (fun a_183 b_184) S_220)
                                                              [
                                                                h_221
                                                                (lam
                                                                  x_222
                                                                  a_183
                                                                  [
                                                                    {
                                                                      k_218
                                                                      b_184
                                                                    }
                                                                    (lam
                                                                      f_223
                                                                      (fun a_183 b_184)
                                                                      [
                                                                        f_223
                                                                        x_222
                                                                      ]
                                                                    )
                                                                  ]
                                                                )
                                                              ]
                                                            )
                                                          )
                                                        )
                                                      ]
                                                    )
                                                  )
                                                  [(con integer) (con 8)]
                                                }
                                                [(con integer) (con 8)]
                                              }
                                              (abs
                                                Q_224
                                                (type)
                                                (lam
                                                  choose_225
                                                  (fun (fun [(con integer) (con 8)] [(con integer) (con 8)]) Q_224)
                                                  (lam
                                                    fib_226
                                                    (fun [(con integer) (con 8)] [(con integer) (con 8)])
                                                    [
                                                      choose_225
                                                      (lam
                                                        n_227
                                                        [(con integer) (con 8)]
                                                        [
                                                          [
                                                            [
                                                              {
                                                                [
                                                                  Bool_match_171
                                                                  [
                                                                    [
                                                                      equalsInteger_173
                                                                      n_227
                                                                    ]
                                                                    (con 8 ! 0)
                                                                  ]
                                                                ]
                                                                (fun Unit_162 [(con integer) (con 8)])
                                                              }
                                                              (lam
                                                                thunk_228
                                                                Unit_162
                                                                (con 8 ! 0)
                                                              )
                                                            ]
                                                            (lam
                                                              thunk_229
                                                              Unit_162
                                                              [
                                                                [
                                                                  [
                                                                    {
                                                                      [
                                                                        Bool_match_171
                                                                        [
                                                                          [
                                                                            equalsInteger_173
                                                                            n_227
                                                                          ]
                                                                          (con
                                                                            8 ! 1
                                                                          )
                                                                        ]
                                                                      ]
                                                                      (fun Unit_162 [(con integer) (con 8)])
                                                                    }
                                                                    (lam
                                                                      thunk_230
                                                                      Unit_162
                                                                      (con 8 ! 1
                                                                      )
                                                                    )
                                                                  ]
                                                                  (lam
                                                                    thunk_231
                                                                    Unit_162
                                                                    [
                                                                      [
                                                                        addInteger_166
                                                                        [
                                                                          fib_226
                                                                          [
                                                                            [
                                                                              subtractInteger_167
                                                                              n_227
                                                                            ]
                                                                            (con
                                                                              8 ! 1
                                                                            )
                                                                          ]
                                                                        ]
                                                                      ]
                                                                      [
                                                                        fib_226
                                                                        [
                                                                          [
                                                                            subtractInteger_167
                                                                            n_227
                                                                          ]
                                                                          (con
                                                                            8 ! 2
                                                                          )
                                                                        ]
                                                                      ]
                                                                    ]
                                                                  )
                                                                ]
                                                                Unit_163
                                                              ]
                                                            )
                                                          ]
                                                          Unit_163
                                                        ]
                                                      )
                                                    ]
                                                  )
                                                )
                                              )
                                            ]
                                          ]
                                        )
                                        (lam
                                          arg_232
                                          [(con integer) (con 8)]
                                          (lam
                                            arg_233
                                            [(con integer) (con 8)]
                                            [
                                              (lam
                                                b_234
                                                (all a_235 (type) (fun a_235 (fun a_235 a_235)))
                                                [
                                                  [
                                                    { b_234 Bool_168 } True_169
                                                  ]
                                                  False_170
                                                ]
                                              )
                                              [
                                                [
                                                  {
                                                    (builtin equalsInteger)
                                                    (con 8)
                                                  }
                                                  arg_232
                                                ]
                                                arg_233
                                              ]
                                            ]
                                          )
                                        )
                                      ]
                                    )
                                  )
                                )
                              )
                              (all out_Bool_236 (type) (fun out_Bool_236 (fun out_Bool_236 out_Bool_236)))
                            }
                            (abs
                              out_Bool_237
                              (type)
                              (lam
                                case_True_238
                                out_Bool_237
                                (lam case_False_239 out_Bool_237 case_True_238)
                              )
                            )
                          ]
                          (abs
                            out_Bool_240
                            (type)
                            (lam
                              case_True_241
                              out_Bool_240
                              (lam case_False_242 out_Bool_240 case_False_242)
                            )
                          )
                        ]
                        (lam
                          x_243
                          (all out_Bool_244 (type) (fun out_Bool_244 (fun out_Bool_244 out_Bool_244)))
                          x_243
                        )
                      ]
                    )
                    { (builtin subtractInteger) (con 8) }
                  ]
                )
                { (builtin addInteger) (con 8) }
              ]
            )
          )
        )
        (all out_Unit_245 (type) (fun out_Unit_245 out_Unit_245))
      }
      (abs out_Unit_246 (type) (lam case_Unit_247 out_Unit_246 case_Unit_247))
    ]
    (lam x_248 (all out_Unit_249 (type) (fun out_Unit_249 out_Unit_249)) x_248)
  ]
)