(program 1.0.0
  [
    (lam
      multiplyInteger_75
      (fun [(con integer) (con 8)] (fun [(con integer) (con 8)] [(con integer) (con 8)]))
      (lam
        ds_76
        [(con integer) (con 8)]
        [
          (lam y_77 [(con integer) (con 8)] [ [ multiplyInteger_75 y_77 ] y_77 ]
          )
          [
            (lam
              y_78 [(con integer) (con 8)] [ [ multiplyInteger_75 y_78 ] y_78 ]
            )
            [ [ multiplyInteger_75 ds_76 ] (con 8 ! 1) ]
          ]
        ]
      )
    )
    { (builtin multiplyInteger) (con 8) }
  ]
)