[{"spentAtTxId" : "14bc6b152e3cc20fd40a08a224095ab53d6ee3c9a0e6abb9ce09f82ab5acf2a3", "spentTxOutRef" : "2ec7c4d2557f2498528491c8e7fa2fb2457000002b71d9c7978e32398a8a8211#0"}, {"spentAtTxId" : "1a71cf02a0a1fad32cb7c10a2564e3a5c463b73c40395301f454979aa7442bed", "spentTxOutRef" : "6d2b63ca61449c4ba5783b1c0236d136409b5738875ed1a8fcb02aec7c5d2169#1"}, {"spentAtTxId" : "c3a3877906b10027aec76e47c42a7956c579dc1f26b9edddf047a55770c633e3", "spentTxOutRef" : "7c685f9d47332cee3c54afba19b6e2bb8ab402c4bb29cef2353ec178ced2501b#1"}, {"spentAtTxId" : "fc0fae1c7a6019183e0f71df5a339baf5ccab458a14991caffe31c58df62c283", "spentTxOutRef" : "8483e307c335a843ea3668e567f88ee0be8ff97d2a0a168ffeb93e8d82704d61#1"}, {"spentAtTxId" : "ff796f7fc2a64e7571bd8c32f34c72ebf2db70cc415bdfe9a50aa06ca98e10d7", "spentTxOutRef" : "bb3b06d98e4e70a785a5e4ffc8ad77eb443ddf0c468d2adaa3764e44a072d652#1"}, {"spentAtTxId" : "ff796f7fc2a64e7571bd8c32f34c72ebf2db70cc415bdfe9a50aa06ca98e10d7", "spentTxOutRef" : "c717be8b2dd9ff54e90c96387a6f6722cd5a0d58f34e71a273b0c1c7fb614fc1#1"}, {"spentAtTxId" : "48d161e453c8a9567dda7913fb6430781a12249e25fb14b5f74f1272f88df47e", "spentTxOutRef" : "cc04c34ace0af80631f01aa604ea479f64cf8ee1d26b4d572ed34a971b61d08f#1"}, {"spentAtTxId" : "ff796f7fc2a64e7571bd8c32f34c72ebf2db70cc415bdfe9a50aa06ca98e10d7", "spentTxOutRef" : "dea2bab714e1631fb9f4dc51abea5d40145d417af09b80a14d10875f8bbfd083#0"}, {"spentAtTxId" : "7f4ffbd4512557e82fb2bf1436be747a76aa697be14b3670915c03074b85325d", "spentTxOutRef" : "f8756b99863bb5ed24612daa0f732b045c2f24be6a561d95a9c86a9c70a496bc#0"}]
