[{"block_no":8022613,"time":"2022-11-16T20:34:35","epoch_no":375}]
