[{"spentAtTxId" : "13ad774f05a369e6cf4e85cf374e4a958a2cfb26d98c456931ec52915c349585", "spentTxOutRef" : "06ec45de528debe9ad337c94652d4f43fde31d56dcaaf93ff0720f1a033b05d2#3"}, {"spentAtTxId" : "b9c1c99f157c27a3465982585e57522fb3364f344984052846ff8cc96692ef41", "spentTxOutRef" : "0b33670cd52c625cfbb00f721ccc08fe25ff6a09e4ef7445e96ac9c04ee5dd92#6"}, {"spentAtTxId" : "b9c1c99f157c27a3465982585e57522fb3364f344984052846ff8cc96692ef41", "spentTxOutRef" : "0bc0bb809dd3654a1dc3e42d2353011afa6b4238cd5421c9ef6b6b3ed5556010#4"}, {"spentAtTxId" : "8702b0a5835c16663101f68295e33e3b3868c487f736d3c8a0a4246242675a15", "spentTxOutRef" : "0e3f2e32c693d0ead0fd38c95f2491cf34aac0bb5fe2c99439ec84f29328a3d0#2"}, {"spentAtTxId" : "3773e2280061410bc523bc5ad6309b77a1fb9131c957510b1940f25dff9821a2", "spentTxOutRef" : "0e8a1570e33520d132d78471cf0f007166984bf62d8589d44862ccfc14c4e1c9#4"}, {"spentAtTxId" : "726d17af6001d4c58b595b7dd0f07aafb74da5420ed9d0b89af423441dcdfc8f", "spentTxOutRef" : "18bb9859dd5546d93262dae9cd40e189071b206c36f66f2951a71d36792fbf00#1"}, {"spentAtTxId" : "b9c1c99f157c27a3465982585e57522fb3364f344984052846ff8cc96692ef41", "spentTxOutRef" : "22ccdd0e546b40f38c2762b3fc17b47e571111fa17a3d0606e2c749421462b6a#0"}, {"spentAtTxId" : "4d2e0c245ab7a79093f51a2d6a3b28de6cec92ef1e81389083f137e1cc7107a6", "spentTxOutRef" : "24acebe5165ba05b5c112f48fd429a9497d3e8fbf979bf7005131adda6e112cc#1"}, {"spentAtTxId" : "2f0468a9b39a46eecd5576bc440895fc968a6aefe504341ad5a59b5f60d299de", "spentTxOutRef" : "29186f62064fdfd168343e01a2a2b543451787eff72a4d86814939a1615ace19#0"}, {"spentAtTxId" : "8702b0a5835c16663101f68295e33e3b3868c487f736d3c8a0a4246242675a15", "spentTxOutRef" : "2a60a942cbcb7d40415610dca0fa5e814f5e3222f42a0cf210d16dee6de22e2d#0"}, {"spentAtTxId" : "1aab414df35422a49bf269ca7ae5bd82b333377d2cbbeb2b278a16ef5c31d901", "spentTxOutRef" : "2d833d57c4659e86c519486aae1c4771525ec8f98fee2f63d5b4304d05433bed#3"}, {"spentAtTxId" : "d170a090cfc94bc4cef05ea5a2f01a3616d85008b0aabf57a201eb3f2aaf61b9", "spentTxOutRef" : "2f4caa541abb7f6dbf669180223a4e68f88f113e79704e834773c4cd0cdcf6a8#5"}, {"spentAtTxId" : "a1b3754b405997f6fbae37e88633ecd06424c4b540cb5af348eb40d83478553d", "spentTxOutRef" : "2f68a178a7db1355763f7cc5afa4eff44755db2ff7a096369cca14daa6a9d9bd#1"}, {"spentAtTxId" : "86c74f8e9524a60d1f40d4973bb4545e4166694c013d21118531bea286c7e7f2", "spentTxOutRef" : "30615d8f0572345829a6706faaf59a5783c8902c07c1a2c60579ceff143a0804#0"}, {"spentAtTxId" : "d087b3b2eea60c85a2f3bdeddcedfed46a0351096caac7f583bf7de97ef95760", "spentTxOutRef" : "3469f44fcd4eedf5dd0e28c30956e9dd1aef287f58fa0da53038d40ee06e1882#1"}, {"spentAtTxId" : "3773e2280061410bc523bc5ad6309b77a1fb9131c957510b1940f25dff9821a2", "spentTxOutRef" : "3b83aac662f17666a8ea58d93e0957aeaae0d4caa7aac3bd19409b178d472673#0"}, {"spentAtTxId" : "9835c688e7c2a9aef4eae95be1d78720195b4c4c8a79189113dcc7bd28895dc8", "spentTxOutRef" : "3b8ad1047f8a314d2bed5d38effd3243144f8ccfd56d0a64c07226add37c1c75#1"}, {"spentAtTxId" : "084db8fe3b317c488431464fb22067dd5795d687888c4d262292e51de0220e57", "spentTxOutRef" : "407bd0ea2877e1f47ec0eccd28ac92b227e28480cec403ec5dc5dd5c9c69f565#0"}, {"spentAtTxId" : "2ea9cfdf315f6cf40db1bb7110fa333decfc8391d06f9e56b03a99bba26434a6", "spentTxOutRef" : "4a9fa3ca78bd2f78f2bc6250f80d04167756df850f15abe4fd8fbd87c2e4b912#1"}, {"spentAtTxId" : "d95d81bb986e25ab8aa86f717eed8f1fdfd2db933ebddf93704f8761b9573ab5", "spentTxOutRef" : "573aba4f3bbc0154d74b99f8f153e3885b1f5d5ae473623524b17945b3d3ddea#0"}, {"spentAtTxId" : "1aab414df35422a49bf269ca7ae5bd82b333377d2cbbeb2b278a16ef5c31d901", "spentTxOutRef" : "5c13870ef54ab8fdff60f718d8a8ca25980fcb3abca014bb3ec0da622ec090f0#1"}, {"spentAtTxId" : "58870db4d1bed1de65029177f9860ad888c8397103b3f8a44bb7d277cc230cfd", "spentTxOutRef" : "5dc56c41433f9c3521b42b05a95de4e00178ec3cc22190cc16cceb8f8384ee9b#4"}, {"spentAtTxId" : "acd057feb395fc44b494b028f311a850f99082d3839379f24ed880d45b8edbf1", "spentTxOutRef" : "60e4e1539f7f9a90aeb7815c53dc222e6f5706d24af77b385277656320cc9c6c#1"}, {"spentAtTxId" : "6bc476a57931b5e51efdfa07af5fb7b6ba32fb77501737d670f5ec4110708f53", "spentTxOutRef" : "63bbbb81b36e43bb94e9a62c132f854fe485ac8721cecf453e4098830a46684f#0"}, {"spentAtTxId" : "86c74f8e9524a60d1f40d4973bb4545e4166694c013d21118531bea286c7e7f2", "spentTxOutRef" : "648d2982b3f35c95161705e5e06f510fab5eebb0d1a42130045540ab8088df6d#1"}, {"spentAtTxId" : "86c74f8e9524a60d1f40d4973bb4545e4166694c013d21118531bea286c7e7f2", "spentTxOutRef" : "648d2982b3f35c95161705e5e06f510fab5eebb0d1a42130045540ab8088df6d#2"}, {"spentAtTxId" : "fec9c1f87ea959983a9ed3c4c1a0d1c584d59d0f0153826755e90ae9efcf3ec3", "spentTxOutRef" : "6d8c259353befc65fe255739b2ed76ef3f3ffe282a6edccf62f99d0d765c19c9#1"}, {"spentAtTxId" : "58870db4d1bed1de65029177f9860ad888c8397103b3f8a44bb7d277cc230cfd", "spentTxOutRef" : "731fc7d9b28aacf51ece05b3b815eef196f70732e3ed04e8f0c654b75fc77aad#0"}, {"spentAtTxId" : "13ad774f05a369e6cf4e85cf374e4a958a2cfb26d98c456931ec52915c349585", "spentTxOutRef" : "73933fe0cb9e34920a5e1ae4cac4136d045ec6d3021842e2c52c9a15122ed528#3"}, {"spentAtTxId" : "2ea9cfdf315f6cf40db1bb7110fa333decfc8391d06f9e56b03a99bba26434a6", "spentTxOutRef" : "8144c326275e35966da82f6567bf8305bbec65860b69e41a681ca3bd34b5d96b#0"}, {"spentAtTxId" : "d170a090cfc94bc4cef05ea5a2f01a3616d85008b0aabf57a201eb3f2aaf61b9", "spentTxOutRef" : "818eb3fc33379daf9a99f6490bdd38919e38db50c23ba76229dac64dbd103d51#0"}, {"spentAtTxId" : "58870db4d1bed1de65029177f9860ad888c8397103b3f8a44bb7d277cc230cfd", "spentTxOutRef" : "84d4a603c2a80355ae8e9ee661527086824b8d0821704744989d79626c660f1b#4"}, {"spentAtTxId" : "280eb7b81c1b2a12243415149d98ad356a748779b7a22c8888af4818ec572fed", "spentTxOutRef" : "8ce88016c20667730db5f8fd3eb395ac6e7a8f44a7c3fe4f4120af2f2f517394#1"}, {"spentAtTxId" : "a1b3754b405997f6fbae37e88633ecd06424c4b540cb5af348eb40d83478553d", "spentTxOutRef" : "8da274d1fc55906df8829a339cdd877e48855ecb83813e233d1e437f65b8fe09#1"}, {"spentAtTxId" : "7ae8cbe887d5d4cdaa51bce93d296206d4fcc77963e65fad3a64d0e6df672260", "spentTxOutRef" : "8f5a8125fdd1634501fdf8e8aa52e08b83926df6c9dce53422720cd0e5792f42#0"}, {"spentAtTxId" : "2f0468a9b39a46eecd5576bc440895fc968a6aefe504341ad5a59b5f60d299de", "spentTxOutRef" : "954faa7023f357e31239bdc802f99310c1e16e5d1a0d95370cf2d9e91c2208aa#1"}, {"spentAtTxId" : "13ad774f05a369e6cf4e85cf374e4a958a2cfb26d98c456931ec52915c349585", "spentTxOutRef" : "9769b3ac3eaef8e23c3f0831b24a356e9e73de93e70b9f8b4e2fd4ac714a7c28#0"}, {"spentAtTxId" : "13ad774f05a369e6cf4e85cf374e4a958a2cfb26d98c456931ec52915c349585", "spentTxOutRef" : "9769b3ac3eaef8e23c3f0831b24a356e9e73de93e70b9f8b4e2fd4ac714a7c28#1"}, {"spentAtTxId" : "13ad774f05a369e6cf4e85cf374e4a958a2cfb26d98c456931ec52915c349585", "spentTxOutRef" : "9769b3ac3eaef8e23c3f0831b24a356e9e73de93e70b9f8b4e2fd4ac714a7c28#2"}, {"spentAtTxId" : "2f0468a9b39a46eecd5576bc440895fc968a6aefe504341ad5a59b5f60d299de", "spentTxOutRef" : "9d7e3a877c1b00131ea3a0d0fba0c01cf6d9fbc85dc2afd493906f87782a79e3#3"}, {"spentAtTxId" : "280eb7b81c1b2a12243415149d98ad356a748779b7a22c8888af4818ec572fed", "spentTxOutRef" : "a1547fcb15e673827511de3a27464182a1a5a84a354bd6deca69ba0a0f817086#2"}, {"spentAtTxId" : "6bc476a57931b5e51efdfa07af5fb7b6ba32fb77501737d670f5ec4110708f53", "spentTxOutRef" : "a57515a3789a748e7479d23496804f43acb08c6914f81a897cb19689d14a358a#0"}, {"spentAtTxId" : "1aab414df35422a49bf269ca7ae5bd82b333377d2cbbeb2b278a16ef5c31d901", "spentTxOutRef" : "b031b98bc05b95b4df2d2d160391108582b18c6f621b2b99d4aae710ea14498e#3"}, {"spentAtTxId" : "9835c688e7c2a9aef4eae95be1d78720195b4c4c8a79189113dcc7bd28895dc8", "spentTxOutRef" : "b71d9284093992d8e3274f9847e9109fbd21a345b11e01a097f5aa4921d7b5ea#1"}, {"spentAtTxId" : "13ad774f05a369e6cf4e85cf374e4a958a2cfb26d98c456931ec52915c349585", "spentTxOutRef" : "b92197b58e93e63592473440977244378cc5ea8e5c7e0538de9efbab7c46b7ce#0"}, {"spentAtTxId" : "2ea9cfdf315f6cf40db1bb7110fa333decfc8391d06f9e56b03a99bba26434a6", "spentTxOutRef" : "bb8af9e58f9f2d4b51794656e46a347b187749bb1e7238a923f1128fd721636d#1"}, {"spentAtTxId" : "7ae8cbe887d5d4cdaa51bce93d296206d4fcc77963e65fad3a64d0e6df672260", "spentTxOutRef" : "bffd9367dedec77712dc683b4cfb7d096e20ee54fd3e8789b0666309e102d097#4"}, {"spentAtTxId" : "13ad774f05a369e6cf4e85cf374e4a958a2cfb26d98c456931ec52915c349585", "spentTxOutRef" : "c0721f98d2aa63e72edeae8d5e371979b809469574705f53718a26f430ff7abe#0"}, {"spentAtTxId" : "2f0468a9b39a46eecd5576bc440895fc968a6aefe504341ad5a59b5f60d299de", "spentTxOutRef" : "c4a2610ce2c46daa45724b0090a0b70c9d1d23dcb02620d833d6a7b0e82be41a#0"}, {"spentAtTxId" : "87d1fc84bc904d061375b816c65df09739f227511c6a492cc71bff948f1265e4", "spentTxOutRef" : "cc1196ab92ac4da9c3a7181e7c4b44b3abade6aa92cfb360b25ffd20193bc023#0"}, {"spentAtTxId" : "d170a090cfc94bc4cef05ea5a2f01a3616d85008b0aabf57a201eb3f2aaf61b9", "spentTxOutRef" : "cd0c818653ef45636a5e2ea12c6fd62d7dc3266746b2edd5b044741982112677#5"}, {"spentAtTxId" : "87d1fc84bc904d061375b816c65df09739f227511c6a492cc71bff948f1265e4", "spentTxOutRef" : "d390b5d8f5c15bb8b4ec1935742176f1dc665bc611a5587e1ccb9627f09669cb#4"}, {"spentAtTxId" : "87d1fc84bc904d061375b816c65df09739f227511c6a492cc71bff948f1265e4", "spentTxOutRef" : "d390b5d8f5c15bb8b4ec1935742176f1dc665bc611a5587e1ccb9627f09669cb#5"}, {"spentAtTxId" : "2f0468a9b39a46eecd5576bc440895fc968a6aefe504341ad5a59b5f60d299de", "spentTxOutRef" : "d7c86a8ffaccfdba51ced8e9dfc0c3812c49b7c46c09607acefb1ff609e7c165#0"}, {"spentAtTxId" : "6bc476a57931b5e51efdfa07af5fb7b6ba32fb77501737d670f5ec4110708f53", "spentTxOutRef" : "dafc083a0e767bc31449ba9243cef6aac8ca337be3aad5907cf42ac382350e10#0"}, {"spentAtTxId" : "13ad774f05a369e6cf4e85cf374e4a958a2cfb26d98c456931ec52915c349585", "spentTxOutRef" : "e2d8eb47436e6cd877bedd00f1f0759f11d61b5ecf96eee2acc1d6c10fe3fdf3#1"}, {"spentAtTxId" : "87d1fc84bc904d061375b816c65df09739f227511c6a492cc71bff948f1265e4", "spentTxOutRef" : "e5b629f6d6c828867c991882619482fa90f2ebb2259c7fe52b87a4c4cfbdbff1#4"}, {"spentAtTxId" : "87d1fc84bc904d061375b816c65df09739f227511c6a492cc71bff948f1265e4", "spentTxOutRef" : "e5b629f6d6c828867c991882619482fa90f2ebb2259c7fe52b87a4c4cfbdbff1#5"}, {"spentAtTxId" : "3773e2280061410bc523bc5ad6309b77a1fb9131c957510b1940f25dff9821a2", "spentTxOutRef" : "ec4ada15c75cc526909509e0abbe6416f800aafce6eebb9d6b72a957dc2bfd5d#7"}, {"spentAtTxId" : "7e2ee121dc7fbdc480c9e2009fa29cc6d531dd9f32892749e219b086224282c5", "spentTxOutRef" : "ec950ddaef99706ffa0d4e33b46a75f95a31e8063a00aa3a5129b795de536600#1"}, {"spentAtTxId" : "87d1fc84bc904d061375b816c65df09739f227511c6a492cc71bff948f1265e4", "spentTxOutRef" : "eca69181cfaf5c4a9802b9f1cc687102cb816e3cf12e241f9681a1d0589fc73e#4"}, {"spentAtTxId" : "b17d685c42e714238c1fb3abcd40e5c6291ebbb420c9c69b641209607bd00c7d", "spentTxOutRef" : "f193aa92b0c401c4ab4694622501b4890330e7a4a7a20533d833a5639b7fc9e6#1"}, {"spentAtTxId" : "a1b3754b405997f6fbae37e88633ecd06424c4b540cb5af348eb40d83478553d", "spentTxOutRef" : "f8ffc282791771da9218d04a531877d9b54dc6e19189fa1f26e5f11145b3e821#1"}, {"spentAtTxId" : "58870db4d1bed1de65029177f9860ad888c8397103b3f8a44bb7d277cc230cfd", "spentTxOutRef" : "fa7e97a00c4b38510b65ddf62f3467a2c2af53a26013d9bd879317562caba525#8"}, {"spentAtTxId" : "2ea9cfdf315f6cf40db1bb7110fa333decfc8391d06f9e56b03a99bba26434a6", "spentTxOutRef" : "fdfeb5ce7e3a1cf4a51e2c270bf752891cb64a044d3080527bb635046f6e6967#0"}, {"spentAtTxId" : "2ea9cfdf315f6cf40db1bb7110fa333decfc8391d06f9e56b03a99bba26434a6", "spentTxOutRef" : "fdfeb5ce7e3a1cf4a51e2c270bf752891cb64a044d3080527bb635046f6e6967#1"}]
