{
    "blockHeaderHash": "6161616161616161616161616161616161616161616161616161616161616161",
    "blockNo": 64903,
    "nodeTip": {
        "blockHeaderHash": "6161616161616161616161616161616161616161616161616161616161616161",
        "blockNo": 64903,
        "slotNo": 1
    },
    "slotNo": 1
}