(delay (lam case_True_51 (lam case_False_52 case_True_51)))