[{"block_no":6636596,"time":"2021-12-16T21:43:58","epoch_no":308}]
