Slot 00001: ChainEvent (TxnValidate 4febabe136e65d5fb4683b378570e6f43f92056e489281ad2e6302a9fa127874 (Tx {txInputs = fromList [], txOutputs = [TxOut {txOutAddress = PubKeyAddress d62e939c16a54d86493149d7d4291b0f766773d3f42803ea6bbcf58b445eb1de, txOutValue = Value {getValue = Map {unMap = [(,Map {unMap = [("",100000000)]})]}}, txOutType = PayToPubKey},TxOut {txOutAddress = PubKeyAddress 39f713d0a644253f04529421b9f51b9b08979d08295959c4f3990ee617f5139f, txOutValue = Value {getValue = Map {unMap = [(,Map {unMap = [("",100000000)]})]}}, txOutType = PayToPubKey},TxOut {txOutAddress = PubKeyAddress bb3177fb6ea918a70fd7c2f180d5a49951e80a5a746ef0838847880786add59c, txOutValue = Value {getValue = Map {unMap = [(,Map {unMap = [("",100000000)]})]}}, txOutType = PayToPubKey},TxOut {txOutAddress = PubKeyAddress edd1c37372f752c97aec0882452facac17a4fdaf46e61c033f4af678a4079bcd, txOutValue = Value {getValue = Map {unMap = [(,Map {unMap = [("",100000000)]})]}}, txOutType = PayToPubKey},TxOut {txOutAddress = PubKeyAddress cce78f1f01cbbc3c0fb6f0b8e45d9fad929f30d079658a10174f4abecf0b1543, txOutValue = Value {getValue = Map {unMap = [(,Map {unMap = [("",100000000)]})]}}, txOutType = PayToPubKey},TxOut {txOutAddress = PubKeyAddress b2ecdd08b94ba9639dd8d287f48a0e00f76f8ac6b03386315fd6e418266d84c7, txOutValue = Value {getValue = Map {unMap = [(,Map {unMap = [("",100000000)]})]}}, txOutType = PayToPubKey},TxOut {txOutAddress = PubKeyAddress 21fe31dfa154a261626bf854046fd2271b7bed4b6abe45aa58877ef47f9721b9, txOutValue = Value {getValue = Map {unMap = [(,Map {unMap = [("",100000000)]})]}}, txOutType = PayToPubKey},TxOut {txOutAddress = PubKeyAddress 75d264df8f4b72686438783c8524673d2a5ae9ac0f77022137a5919a37645d57, txOutValue = Value {getValue = Map {unMap = [(,Map {unMap = [("",100000000)]})]}}, txOutType = PayToPubKey},TxOut {txOutAddress = PubKeyAddress dac073e0123bdea59dd9b3bda9cf6037f63aca82627d7abcd5c4ac29dd74003e, txOutValue = Value {getValue = Map {unMap = [(,Map {unMap = [("",100000000)]})]}}, txOutType = PayToPubKey},TxOut {txOutAddress = PubKeyAddress a681d6553fa906569b6293876e0a4bd30800fc41736ad55f4c1a37f2480e0155, txOutValue = Value {getValue = Map {unMap = [(,Map {unMap = [("",100000000)]})]}}, txOutType = PayToPubKey}], txForge = Value {getValue = Map {unMap = [(,Map {unMap = [("",1000000000)]})]}}, txFee = Value {getValue = Map {unMap = []}}, txValidRange = Interval {ivFrom = LowerBound NegInf True, ivTo = UpperBound PosInf True}, txForgeScripts = fromList [], txSignatures = fromList [], txData = fromList []}) [])
Slot 00001: ChainEvent (SlotAdd (Slot {getSlot = 1}))
Slot 00002: ChainEvent (SlotAdd (Slot {getSlot = 2}))
Slot 00003: ChainEvent (SlotAdd (Slot {getSlot = 3}))
Final balances
Wallet 1: 
    {, ""}: 100000000
Wallet 2: 
    {, ""}: 100000000
Wallet 3: 
    {, ""}: 100000000
Wallet 4: 
    {, ""}: 100000000
Wallet 5: 
    {, ""}: 100000000
Wallet 6: 
    {, ""}: 100000000
Wallet 7: 
    {, ""}: 100000000
Wallet 8: 
    {, ""}: 100000000
Wallet 9: 
    {, ""}: 100000000
Wallet 10: 
    {, ""}: 100000000
