Slot 00000: TxnValidate ef0ca0fb043642529818003be5a6cac88aac499e4f8f1cbc3bdb35db2b7f6958
Slot 00000: SlotAdd Slot 1
Slot 00001: W[7]: InsertionSuccess: New tip is Tip(Slot 1, BlockId 3c376d383360ddc44271308f02ddb2a12f1cef21beb994afca459a5b1adeb877, BlockNumber 0). UTxO state was added to the end.
Slot 00001: W[8]: InsertionSuccess: New tip is Tip(Slot 1, BlockId 3c376d383360ddc44271308f02ddb2a12f1cef21beb994afca459a5b1adeb877, BlockNumber 0). UTxO state was added to the end.
Slot 00001: W[6]: InsertionSuccess: New tip is Tip(Slot 1, BlockId 3c376d383360ddc44271308f02ddb2a12f1cef21beb994afca459a5b1adeb877, BlockNumber 0). UTxO state was added to the end.
Slot 00001: W[4]: InsertionSuccess: New tip is Tip(Slot 1, BlockId 3c376d383360ddc44271308f02ddb2a12f1cef21beb994afca459a5b1adeb877, BlockNumber 0). UTxO state was added to the end.
Slot 00001: W[2]: InsertionSuccess: New tip is Tip(Slot 1, BlockId 3c376d383360ddc44271308f02ddb2a12f1cef21beb994afca459a5b1adeb877, BlockNumber 0). UTxO state was added to the end.
Slot 00001: W[1]: InsertionSuccess: New tip is Tip(Slot 1, BlockId 3c376d383360ddc44271308f02ddb2a12f1cef21beb994afca459a5b1adeb877, BlockNumber 0). UTxO state was added to the end.
Slot 00001: W[10]: InsertionSuccess: New tip is Tip(Slot 1, BlockId 3c376d383360ddc44271308f02ddb2a12f1cef21beb994afca459a5b1adeb877, BlockNumber 0). UTxO state was added to the end.
Slot 00001: W[9]: InsertionSuccess: New tip is Tip(Slot 1, BlockId 3c376d383360ddc44271308f02ddb2a12f1cef21beb994afca459a5b1adeb877, BlockNumber 0). UTxO state was added to the end.
Slot 00001: W[3]: InsertionSuccess: New tip is Tip(Slot 1, BlockId 3c376d383360ddc44271308f02ddb2a12f1cef21beb994afca459a5b1adeb877, BlockNumber 0). UTxO state was added to the end.
Slot 00001: W[5]: InsertionSuccess: New tip is Tip(Slot 1, BlockId 3c376d383360ddc44271308f02ddb2a12f1cef21beb994afca459a5b1adeb877, BlockNumber 0). UTxO state was added to the end.
Slot 00001: W[1]: TxSubmit: 165c7aef32c0e8604e3ada906f2700466720bf36b6c157809041a70df22727a4
Slot 00001: TxnValidate 165c7aef32c0e8604e3ada906f2700466720bf36b6c157809041a70df22727a4
Slot 00001: SlotAdd Slot 2
Slot 00002: W[7]: InsertionSuccess: New tip is Tip(Slot 2, BlockId 899b44ac5d0db5922935d70a36349305785346c7b0227bb15f90121e67b2cf82, BlockNumber 1). UTxO state was added to the end.
Slot 00002: W[8]: InsertionSuccess: New tip is Tip(Slot 2, BlockId 899b44ac5d0db5922935d70a36349305785346c7b0227bb15f90121e67b2cf82, BlockNumber 1). UTxO state was added to the end.
Slot 00002: W[6]: InsertionSuccess: New tip is Tip(Slot 2, BlockId 899b44ac5d0db5922935d70a36349305785346c7b0227bb15f90121e67b2cf82, BlockNumber 1). UTxO state was added to the end.
Slot 00002: W[4]: InsertionSuccess: New tip is Tip(Slot 2, BlockId 899b44ac5d0db5922935d70a36349305785346c7b0227bb15f90121e67b2cf82, BlockNumber 1). UTxO state was added to the end.
Slot 00002: W[2]: InsertionSuccess: New tip is Tip(Slot 2, BlockId 899b44ac5d0db5922935d70a36349305785346c7b0227bb15f90121e67b2cf82, BlockNumber 1). UTxO state was added to the end.
Slot 00002: W[1]: InsertionSuccess: New tip is Tip(Slot 2, BlockId 899b44ac5d0db5922935d70a36349305785346c7b0227bb15f90121e67b2cf82, BlockNumber 1). UTxO state was added to the end.
Slot 00002: W[10]: InsertionSuccess: New tip is Tip(Slot 2, BlockId 899b44ac5d0db5922935d70a36349305785346c7b0227bb15f90121e67b2cf82, BlockNumber 1). UTxO state was added to the end.
Slot 00002: W[9]: InsertionSuccess: New tip is Tip(Slot 2, BlockId 899b44ac5d0db5922935d70a36349305785346c7b0227bb15f90121e67b2cf82, BlockNumber 1). UTxO state was added to the end.
Slot 00002: W[3]: InsertionSuccess: New tip is Tip(Slot 2, BlockId 899b44ac5d0db5922935d70a36349305785346c7b0227bb15f90121e67b2cf82, BlockNumber 1). UTxO state was added to the end.
Slot 00002: W[5]: InsertionSuccess: New tip is Tip(Slot 2, BlockId 899b44ac5d0db5922935d70a36349305785346c7b0227bb15f90121e67b2cf82, BlockNumber 1). UTxO state was added to the end.
Slot 00002: W[2]: TxSubmit: 6e86de5a04500195e26f7849da798a877d3e5db5c61663c6650303aa6f814282
Slot 00002: TxnValidate 6e86de5a04500195e26f7849da798a877d3e5db5c61663c6650303aa6f814282
Slot 00002: SlotAdd Slot 3
Slot 00003: W[7]: InsertionSuccess: New tip is Tip(Slot 3, BlockId 77bc0c8d6a835301d372111894f647f32c88fdddf232eb82b37ecd0b9898ed4c, BlockNumber 2). UTxO state was added to the end.
Slot 00003: W[8]: InsertionSuccess: New tip is Tip(Slot 3, BlockId 77bc0c8d6a835301d372111894f647f32c88fdddf232eb82b37ecd0b9898ed4c, BlockNumber 2). UTxO state was added to the end.
Slot 00003: W[6]: InsertionSuccess: New tip is Tip(Slot 3, BlockId 77bc0c8d6a835301d372111894f647f32c88fdddf232eb82b37ecd0b9898ed4c, BlockNumber 2). UTxO state was added to the end.
Slot 00003: W[4]: InsertionSuccess: New tip is Tip(Slot 3, BlockId 77bc0c8d6a835301d372111894f647f32c88fdddf232eb82b37ecd0b9898ed4c, BlockNumber 2). UTxO state was added to the end.
Slot 00003: W[2]: InsertionSuccess: New tip is Tip(Slot 3, BlockId 77bc0c8d6a835301d372111894f647f32c88fdddf232eb82b37ecd0b9898ed4c, BlockNumber 2). UTxO state was added to the end.
Slot 00003: W[1]: InsertionSuccess: New tip is Tip(Slot 3, BlockId 77bc0c8d6a835301d372111894f647f32c88fdddf232eb82b37ecd0b9898ed4c, BlockNumber 2). UTxO state was added to the end.
Slot 00003: W[10]: InsertionSuccess: New tip is Tip(Slot 3, BlockId 77bc0c8d6a835301d372111894f647f32c88fdddf232eb82b37ecd0b9898ed4c, BlockNumber 2). UTxO state was added to the end.
Slot 00003: W[9]: InsertionSuccess: New tip is Tip(Slot 3, BlockId 77bc0c8d6a835301d372111894f647f32c88fdddf232eb82b37ecd0b9898ed4c, BlockNumber 2). UTxO state was added to the end.
Slot 00003: W[3]: InsertionSuccess: New tip is Tip(Slot 3, BlockId 77bc0c8d6a835301d372111894f647f32c88fdddf232eb82b37ecd0b9898ed4c, BlockNumber 2). UTxO state was added to the end.
Slot 00003: W[5]: InsertionSuccess: New tip is Tip(Slot 3, BlockId 77bc0c8d6a835301d372111894f647f32c88fdddf232eb82b37ecd0b9898ed4c, BlockNumber 2). UTxO state was added to the end.
Slot 00003: W[3]: TxSubmit: af6027ffc2be2f8ba4df4682ab45eea8d8902cac5dff80fd91d65f28a7d3a932
Slot 00003: TxnValidate af6027ffc2be2f8ba4df4682ab45eea8d8902cac5dff80fd91d65f28a7d3a932
Slot 00003: SlotAdd Slot 4
Slot 00004: W[7]: InsertionSuccess: New tip is Tip(Slot 4, BlockId 50185f064293479a24925d63f107aecd722bea85a1e3221f5c46b35bdc06f45b, BlockNumber 3). UTxO state was added to the end.
Slot 00004: W[8]: InsertionSuccess: New tip is Tip(Slot 4, BlockId 50185f064293479a24925d63f107aecd722bea85a1e3221f5c46b35bdc06f45b, BlockNumber 3). UTxO state was added to the end.
Slot 00004: W[6]: InsertionSuccess: New tip is Tip(Slot 4, BlockId 50185f064293479a24925d63f107aecd722bea85a1e3221f5c46b35bdc06f45b, BlockNumber 3). UTxO state was added to the end.
Slot 00004: W[4]: InsertionSuccess: New tip is Tip(Slot 4, BlockId 50185f064293479a24925d63f107aecd722bea85a1e3221f5c46b35bdc06f45b, BlockNumber 3). UTxO state was added to the end.
Slot 00004: W[2]: InsertionSuccess: New tip is Tip(Slot 4, BlockId 50185f064293479a24925d63f107aecd722bea85a1e3221f5c46b35bdc06f45b, BlockNumber 3). UTxO state was added to the end.
Slot 00004: W[1]: InsertionSuccess: New tip is Tip(Slot 4, BlockId 50185f064293479a24925d63f107aecd722bea85a1e3221f5c46b35bdc06f45b, BlockNumber 3). UTxO state was added to the end.
Slot 00004: W[10]: InsertionSuccess: New tip is Tip(Slot 4, BlockId 50185f064293479a24925d63f107aecd722bea85a1e3221f5c46b35bdc06f45b, BlockNumber 3). UTxO state was added to the end.
Slot 00004: W[9]: InsertionSuccess: New tip is Tip(Slot 4, BlockId 50185f064293479a24925d63f107aecd722bea85a1e3221f5c46b35bdc06f45b, BlockNumber 3). UTxO state was added to the end.
Slot 00004: W[3]: InsertionSuccess: New tip is Tip(Slot 4, BlockId 50185f064293479a24925d63f107aecd722bea85a1e3221f5c46b35bdc06f45b, BlockNumber 3). UTxO state was added to the end.
Slot 00004: W[5]: InsertionSuccess: New tip is Tip(Slot 4, BlockId 50185f064293479a24925d63f107aecd722bea85a1e3221f5c46b35bdc06f45b, BlockNumber 3). UTxO state was added to the end.
Slot 00004: SlotAdd Slot 5
Slot 00005: W[7]: InsertionSuccess: New tip is Tip(Slot 5, BlockId 76be8b528d0075f7aae98d6fa57a6d3c83ae480a8469e668d7b0af968995ac71, BlockNumber 4). UTxO state was added to the end.
Slot 00005: W[8]: InsertionSuccess: New tip is Tip(Slot 5, BlockId 76be8b528d0075f7aae98d6fa57a6d3c83ae480a8469e668d7b0af968995ac71, BlockNumber 4). UTxO state was added to the end.
Slot 00005: W[6]: InsertionSuccess: New tip is Tip(Slot 5, BlockId 76be8b528d0075f7aae98d6fa57a6d3c83ae480a8469e668d7b0af968995ac71, BlockNumber 4). UTxO state was added to the end.
Slot 00005: W[4]: InsertionSuccess: New tip is Tip(Slot 5, BlockId 76be8b528d0075f7aae98d6fa57a6d3c83ae480a8469e668d7b0af968995ac71, BlockNumber 4). UTxO state was added to the end.
Slot 00005: W[2]: InsertionSuccess: New tip is Tip(Slot 5, BlockId 76be8b528d0075f7aae98d6fa57a6d3c83ae480a8469e668d7b0af968995ac71, BlockNumber 4). UTxO state was added to the end.
Slot 00005: W[1]: InsertionSuccess: New tip is Tip(Slot 5, BlockId 76be8b528d0075f7aae98d6fa57a6d3c83ae480a8469e668d7b0af968995ac71, BlockNumber 4). UTxO state was added to the end.
Slot 00005: W[10]: InsertionSuccess: New tip is Tip(Slot 5, BlockId 76be8b528d0075f7aae98d6fa57a6d3c83ae480a8469e668d7b0af968995ac71, BlockNumber 4). UTxO state was added to the end.
Slot 00005: W[9]: InsertionSuccess: New tip is Tip(Slot 5, BlockId 76be8b528d0075f7aae98d6fa57a6d3c83ae480a8469e668d7b0af968995ac71, BlockNumber 4). UTxO state was added to the end.
Slot 00005: W[3]: InsertionSuccess: New tip is Tip(Slot 5, BlockId 76be8b528d0075f7aae98d6fa57a6d3c83ae480a8469e668d7b0af968995ac71, BlockNumber 4). UTxO state was added to the end.
Slot 00005: W[5]: InsertionSuccess: New tip is Tip(Slot 5, BlockId 76be8b528d0075f7aae98d6fa57a6d3c83ae480a8469e668d7b0af968995ac71, BlockNumber 4). UTxO state was added to the end.
Final balances
Wallet 7: 
    {, ""}: 100000000
Wallet 8: 
    {, ""}: 100000000
Wallet 6: 
    {, ""}: 100000000
Wallet 4: 
    {, ""}: 100000000
Wallet 2: 
    {, ""}: 99822399
Wallet 1: 
    {, ""}: 99828339
Wallet 10: 
    {, ""}: 100000000
Wallet 9: 
    {, ""}: 100000000
Wallet 3: 
    {, ""}: 99822399
Wallet 5: 
    {, ""}: 100000000
