TyApp () (TyBuiltin () TyInteger) (TyInt () 2 :| [])