(all a (type) (fix list (all r (type) (fun r (fun (fun a (fun list r)) r)))))