(program 1.0.0
  [
    [
      {
        (abs
          MyNewtype_80
          (type)
          (lam
            MyNewtype_81
            (fun [(con integer) (con 8)] MyNewtype_80)
            (lam
              MyNewtype_match_82
              (fun MyNewtype_80 (all out_MyNewtype_83 (type) (fun (fun [(con integer) (con 8)] out_MyNewtype_83) out_MyNewtype_83)))
              [ MyNewtype_81 (con 8 ! 1) ]
            )
          )
        )
        (all out_MyNewtype_84 (type) (fun (fun [(con integer) (con 8)] out_MyNewtype_84) out_MyNewtype_84))
      }
      (lam
        arg_0_85
        [(con integer) (con 8)]
        (abs
          out_MyNewtype_86
          (type)
          (lam
            case_MyNewtype_87
            (fun [(con integer) (con 8)] out_MyNewtype_86)
            [ case_MyNewtype_87 arg_0_85 ]
          )
        )
      )
    ]
    (lam
      x_88
      (all out_MyNewtype_89 (type) (fun (fun [(con integer) (con 8)] out_MyNewtype_89) out_MyNewtype_89))
      x_88
    )
  ]
)