(program 1.0.0
  { (abs e_0 (type) (error e_0)) [(con integer) (con 64)] }
)