(program 1.0.0
  [
    (lam
      fib_37
      (fun [(con integer) (con 64)] [(con integer) (con 64)])
      [ fib_37 (con 64 ! 4) ]
    )
    [
      {
        {
          (abs
            a_28
            (type)
            (abs
              b_29
              (type)
              (lam
                f_30
                (fun (fun a_28 b_29) (fun a_28 b_29))
                [
                  {
                    (abs
                      a_26
                      (type)
                      (lam
                        s_27
                        [(lam a_24 (type) (fix self_25 (fun self_25 a_24))) a_26]
                        [ (unwrap s_27) s_27 ]
                      )
                    )
                    (fun a_28 b_29)
                  }
                  (wrap
                    self_23
                    [(lam a_22 (type) (fun self_23 a_22)) (fun a_28 b_29)]
                    (lam
                      s_31
                      [(lam a_22 (type) (fix self_23 (fun self_23 a_22))) (fun a_28 b_29)]
                      (lam
                        x_32
                        a_28
                        [
                          [
                            f_30
                            [
                              {
                                (abs
                                  a_26
                                  (type)
                                  (lam
                                    s_27
                                    [(lam a_24 (type) (fix self_25 (fun self_25 a_24))) a_26]
                                    [ (unwrap s_27) s_27 ]
                                  )
                                )
                                (fun a_28 b_29)
                              }
                              s_31
                            ]
                          ]
                          x_32
                        ]
                      )
                    )
                  )
                ]
              )
            )
          )
          (all a_21 (type) (fun a_21 a_21))
        }
        (all tuple_matchOut_0 (type) (fun (fun (fun [(con integer) (con 64)] [(con integer) (con 64)]) tuple_matchOut_0) tuple_matchOut_0))
      }
      (lam
        arg_33
        (fun (all a_36 (type) (fun a_36 a_36)) (all tuple_matchOut_0 (type) (fun (fun (fun [(con integer) (con 64)] [(con integer) (con 64)]) tuple_matchOut_0) tuple_matchOut_0)))
        [
          (lam
            tuple_20
            (all tuple_matchOut_0 (type) (fun (fun (fun [(con integer) (con 64)] [(con integer) (con 64)]) tuple_matchOut_0) tuple_matchOut_0))
            [
              tuple_20
              (lam
                fib_1
                (fun [(con integer) (con 64)] [(con integer) (con 64)])
                [
                  (lam
                    tuple_arg0_19
                    (fun [(con integer) (con 64)] [(con integer) (con 64)])
                    (abs
                      tuple_matchOut_17
                      (type)
                      (lam
                        c_18
                        (fun (fun [(con integer) (con 64)] [(con integer) (con 64)]) tuple_matchOut_17)
                        [ c_18 tuple_arg0_19 ]
                      )
                    )
                  )
                  (lam
                    n_2
                    [(con integer) (con 64)]
                    [
                      [
                        [
                          {
                            [
                              [ { (con equalsInteger) (con 64) } n_2 ]
                              (con 64 ! 0)
                            ]
                            (fun (all a_3 (type) (fun a_3 a_3)) [(con integer) (con 64)])
                          }
                          (lam
                            thunk_11
                            (all a_12 (type) (fun a_12 a_12))
                            [
                              [
                                [
                                  {
                                    [
                                      [ { (con equalsInteger) (con 64) } n_2 ]
                                      (con 64 ! 1)
                                    ]
                                    (fun (all a_4 (type) (fun a_4 a_4)) [(con integer) (con 64)])
                                  }
                                  (lam
                                    thunk_5
                                    (all a_6 (type) (fun a_6 a_6))
                                    [
                                      [
                                        { (con addInteger) (con 64) }
                                        [
                                          fib_1
                                          [
                                            [
                                              { (con subtractInteger) (con 64) }
                                              n_2
                                            ]
                                            (con 64 ! 1)
                                          ]
                                        ]
                                      ]
                                      [
                                        fib_1
                                        [
                                          [
                                            { (con subtractInteger) (con 64) }
                                            n_2
                                          ]
                                          (con 64 ! 2)
                                        ]
                                      ]
                                    ]
                                  )
                                ]
                                (lam
                                  thunk_7
                                  (all a_8 (type) (fun a_8 a_8))
                                  (con 64 ! 1)
                                )
                              ]
                              (abs a_9 (type) (lam x_10 a_9 x_10))
                            ]
                          )
                        ]
                        (lam
                          thunk_13
                          (all a_14 (type) (fun a_14 a_14))
                          (con 64 ! 0)
                        )
                      ]
                      (abs a_15 (type) (lam x_16 a_15 x_16))
                    ]
                  )
                ]
              )
            ]
          )
          [ arg_33 (abs a_34 (type) (lam x_35 a_34 x_35)) ]
        ]
      )
    ]
  ]
)