/\(a :: *) -> /\(b :: *) -> \(f : (a -> b) -> a -> b) -> (/\(a :: *) -> \(s : (\(a :: *) -> (\(k :: (* -> *) -> *) -> k (\(r :: *) -> r)) (\(spine :: * -> *) -> ifix (\(b :: (* -> *) -> *) -> \(p :: * -> *) -> p ((\(self :: *) -> self -> a) ((\(k :: (* -> *) -> *) -> k (\(r :: *) -> r)) b))) spine)) a) -> unwrap s s) {a -> b} (wrap (\(b :: (* -> *) -> *) -> \(p :: * -> *) -> p ((\(self :: *) -> (\(a :: *) -> self -> a) (a -> b)) ((\(k :: (* -> *) -> *) -> k (\(r :: *) -> r)) b))) (\(r :: *) -> r) (\(s : (\(a :: *) -> (\(k :: (* -> *) -> *) -> k (\(r :: *) -> r)) (\(spine :: * -> *) -> ifix (\(b :: (* -> *) -> *) -> \(p :: * -> *) -> p ((\(self :: *) -> self -> a) ((\(k :: (* -> *) -> *) -> k (\(r :: *) -> r)) b))) spine)) (a -> b)) -> \(x : a) -> f ((/\(a :: *) -> \(s : (\(a :: *) -> (\(k :: (* -> *) -> *) -> k (\(r :: *) -> r)) (\(spine :: * -> *) -> ifix (\(b :: (* -> *) -> *) -> \(p :: * -> *) -> p ((\(self :: *) -> self -> a) ((\(k :: (* -> *) -> *) -> k (\(r :: *) -> r)) b))) spine)) a) -> unwrap s s) {a -> b} s) x))