(program 1.0.0
  [
    [
      {
        (abs
          Unit_95
          (type)
          (lam
            Unit_96
            Unit_95
            (lam
              Unit_match_97
              (fun Unit_95 (all out_Unit_98 (type) (fun out_Unit_98 out_Unit_98)))
              [
                [
                  [
                    {
                      (abs
                        Bool_99
                        (type)
                        (lam
                          True_100
                          Bool_99
                          (lam
                            False_101
                            Bool_99
                            (lam
                              Bool_match_102
                              (fun Bool_99 (all out_Bool_103 (type) (fun out_Bool_103 (fun out_Bool_103 out_Bool_103))))
                              (lam
                                ds_104
                                Bool_99
                                (lam
                                  ds_105
                                  Bool_99
                                  [
                                    [
                                      [
                                        {
                                          [ Bool_match_102 ds_104 ]
                                          (fun Unit_95 Bool_99)
                                        }
                                        (lam
                                          thunk_106
                                          Unit_95
                                          [
                                            [
                                              [
                                                {
                                                  [ Bool_match_102 ds_105 ]
                                                  (fun Unit_95 Bool_99)
                                                }
                                                (lam thunk_107 Unit_95 True_100)
                                              ]
                                              (lam thunk_108 Unit_95 False_101)
                                            ]
                                            Unit_96
                                          ]
                                        )
                                      ]
                                      (lam thunk_109 Unit_95 False_101)
                                    ]
                                    Unit_96
                                  ]
                                )
                              )
                            )
                          )
                        )
                      )
                      (all out_Bool_110 (type) (fun out_Bool_110 (fun out_Bool_110 out_Bool_110)))
                    }
                    (abs
                      out_Bool_111
                      (type)
                      (lam
                        case_True_112
                        out_Bool_111
                        (lam case_False_113 out_Bool_111 case_True_112)
                      )
                    )
                  ]
                  (abs
                    out_Bool_114
                    (type)
                    (lam
                      case_True_115
                      out_Bool_114
                      (lam case_False_116 out_Bool_114 case_False_116)
                    )
                  )
                ]
                (lam
                  x_117
                  (all out_Bool_118 (type) (fun out_Bool_118 (fun out_Bool_118 out_Bool_118)))
                  x_117
                )
              ]
            )
          )
        )
        (all out_Unit_119 (type) (fun out_Unit_119 out_Unit_119))
      }
      (abs out_Unit_120 (type) (lam case_Unit_121 out_Unit_120 case_Unit_121))
    ]
    (lam x_122 (all out_Unit_123 (type) (fun out_Unit_123 out_Unit_123)) x_122)
  ]
)