(program 1.0.0
  [
    [
      [
        {
          (abs
            Bool_80
            (type)
            (lam
              True_81
              Bool_80
              (lam
                False_82
                Bool_80
                (lam
                  Bool_match_83
                  (fun Bool_80 (all out_Bool_84 (type) (fun out_Bool_84 (fun out_Bool_84 out_Bool_84))))
                  True_81
                )
              )
            )
          )
          (all out_Bool_85 (type) (fun out_Bool_85 (fun out_Bool_85 out_Bool_85)))
        }
        (abs
          out_Bool_86
          (type)
          (lam
            case_True_87
            out_Bool_86
            (lam case_False_88 out_Bool_86 case_True_87)
          )
        )
      ]
      (abs
        out_Bool_89
        (type)
        (lam
          case_True_90 out_Bool_89 (lam case_False_91 out_Bool_89 case_False_91)
        )
      )
    ]
    (lam
      x_92
      (all out_Bool_93 (type) (fun out_Bool_93 (fun out_Bool_93 out_Bool_93)))
      x_92
    )
  ]
)