(program 1.0.0
  (lam ds_73 [(con bytestring) (con 32)] ds_73)
)