(program 1.0.0
  [
    [
      {
        (abs
          Unit_76
          (type)
          (lam
            Unit_77
            Unit_76
            (lam
              Unit_match_78
              (fun Unit_76 (all out_Unit_79 (type) (fun out_Unit_79 out_Unit_79)))
              [
                (lam
                  error_80
                  (all a_81 (type) (fun Unit_76 a_81))
                  { error_80 [(con integer) (con 8)] }
                )
                (abs e_82 (type) (lam thunk_83 Unit_76 (error e_82)))
              ]
            )
          )
        )
        (all out_Unit_84 (type) (fun out_Unit_84 out_Unit_84))
      }
      (abs out_Unit_85 (type) (lam case_Unit_86 out_Unit_85 case_Unit_86))
    ]
    (lam x_87 (all out_Unit_88 (type) (fun out_Unit_88 out_Unit_88)) x_87)
  ]
)