(delay (lam case_Just_65 (lam case_Nothing_66 [ case_Just_65 (con integer 1) ]))
)