(iwrap
  (lam rec_504 (fun (fun (type) (type)) (type)) (lam spine_505 (fun (type) (type)) [spine_505 [(lam EmptyRose_506 (type) (all out_EmptyRose_507 (type) (fun (fun [List_328 EmptyRose_506] out_EmptyRose_507) out_EmptyRose_507))) [rec_504 (lam dat_508 (type) dat_508)]]]))
  (lam dat_509 (type) dat_509)
  (abs
    out_EmptyRose_510
    (type)
    (lam
      case_EmptyRose_511
      (fun [List_328 (ifix (lam rec_512 (fun (fun (type) (type)) (type)) (lam spine_513 (fun (type) (type)) [spine_513 [(lam EmptyRose_514 (type) (all out_EmptyRose_515 (type) (fun (fun [List_328 EmptyRose_514] out_EmptyRose_515) out_EmptyRose_515))) [rec_512 (lam dat_516 (type) dat_516)]]])) (lam dat_517 (type) dat_517))] out_EmptyRose_510)
      [
        case_EmptyRose_511
        (iwrap
          (lam rec_567 (fun (fun (fun (type) (type)) (type)) (type)) (lam spine_568 (fun (fun (type) (type)) (type)) [spine_568 [(lam List_569 (fun (type) (type)) (lam a_570 (type) (all out_List_571 (type) (fun out_List_571 (fun (fun a_570 (fun [List_569 a_570] out_List_571)) out_List_571))))) (lam a_572 (type) [rec_567 (lam dat_573 (fun (type) (type)) [dat_573 a_572])])]]))
          (lam dat_574 (fun (type) (type)) [dat_574 a_555])
          (abs
            out_List_575
            (type)
            (lam
              case_Nil_576
              out_List_575
              (lam
                case_Cons_577
                (fun a_555 (fun [(lam a_578 (type) (ifix (lam rec_579 (fun (fun (fun (type) (type)) (type)) (type)) (lam spine_580 (fun (fun (type) (type)) (type)) [spine_580 [(lam List_581 (fun (type) (type)) (lam a_582 (type) (all out_List_583 (type) (fun out_List_583 (fun (fun a_582 (fun [List_581 a_582] out_List_583)) out_List_583))))) (lam a_584 (type) [rec_579 (lam dat_585 (fun (type) (type)) [dat_585 a_584])])]])) (lam dat_586 (fun (type) (type)) [dat_586 a_578]))) a_555] out_List_575))
                [
                  [
                    case_Cons_577
                    (iwrap
                      (lam rec_504 (fun (fun (type) (type)) (type)) (lam spine_505 (fun (type) (type)) [spine_505 [(lam EmptyRose_506 (type) (all out_EmptyRose_507 (type) (fun (fun [List_328 EmptyRose_506] out_EmptyRose_507) out_EmptyRose_507))) [rec_504 (lam dat_508 (type) dat_508)]]]))
                      (lam dat_509 (type) dat_509)
                      (abs
                        out_EmptyRose_510
                        (type)
                        (lam
                          case_EmptyRose_511
                          (fun [List_328 (ifix (lam rec_512 (fun (fun (type) (type)) (type)) (lam spine_513 (fun (type) (type)) [spine_513 [(lam EmptyRose_514 (type) (all out_EmptyRose_515 (type) (fun (fun [List_328 EmptyRose_514] out_EmptyRose_515) out_EmptyRose_515))) [rec_512 (lam dat_516 (type) dat_516)]]])) (lam dat_517 (type) dat_517))] out_EmptyRose_510)
                          [
                            case_EmptyRose_511
                            (iwrap
                              (lam rec_535 (fun (fun (fun (type) (type)) (type)) (type)) (lam spine_536 (fun (fun (type) (type)) (type)) [spine_536 [(lam List_537 (fun (type) (type)) (lam a_538 (type) (all out_List_539 (type) (fun out_List_539 (fun (fun a_538 (fun [List_537 a_538] out_List_539)) out_List_539))))) (lam a_540 (type) [rec_535 (lam dat_541 (fun (type) (type)) [dat_541 a_540])])]]))
                              (lam dat_542 (fun (type) (type)) [dat_542 a_534])
                              (abs
                                out_List_543
                                (type)
                                (lam
                                  case_Nil_544
                                  out_List_543
                                  (lam
                                    case_Cons_545
                                    (fun a_534 (fun [(lam a_546 (type) (ifix (lam rec_547 (fun (fun (fun (type) (type)) (type)) (type)) (lam spine_548 (fun (fun (type) (type)) (type)) [spine_548 [(lam List_549 (fun (type) (type)) (lam a_550 (type) (all out_List_551 (type) (fun out_List_551 (fun (fun a_550 (fun [List_549 a_550] out_List_551)) out_List_551))))) (lam a_552 (type) [rec_547 (lam dat_553 (fun (type) (type)) [dat_553 a_552])])]])) (lam dat_554 (fun (type) (type)) [dat_554 a_546]))) a_534] out_List_543))
                                    case_Nil_544
                                  )
                                )
                              )
                            )
                          ]
                        )
                      )
                    )
                  ]
                  (iwrap
                    (lam rec_567 (fun (fun (fun (type) (type)) (type)) (type)) (lam spine_568 (fun (fun (type) (type)) (type)) [spine_568 [(lam List_569 (fun (type) (type)) (lam a_570 (type) (all out_List_571 (type) (fun out_List_571 (fun (fun a_570 (fun [List_569 a_570] out_List_571)) out_List_571))))) (lam a_572 (type) [rec_567 (lam dat_573 (fun (type) (type)) [dat_573 a_572])])]]))
                    (lam dat_574 (fun (type) (type)) [dat_574 a_555])
                    (abs
                      out_List_575
                      (type)
                      (lam
                        case_Nil_576
                        out_List_575
                        (lam
                          case_Cons_577
                          (fun a_555 (fun [(lam a_578 (type) (ifix (lam rec_579 (fun (fun (fun (type) (type)) (type)) (type)) (lam spine_580 (fun (fun (type) (type)) (type)) [spine_580 [(lam List_581 (fun (type) (type)) (lam a_582 (type) (all out_List_583 (type) (fun out_List_583 (fun (fun a_582 (fun [List_581 a_582] out_List_583)) out_List_583))))) (lam a_584 (type) [rec_579 (lam dat_585 (fun (type) (type)) [dat_585 a_584])])]])) (lam dat_586 (fun (type) (type)) [dat_586 a_578]))) a_555] out_List_575))
                          [
                            [
                              case_Cons_577
                              (iwrap
                                (lam rec_504 (fun (fun (type) (type)) (type)) (lam spine_505 (fun (type) (type)) [spine_505 [(lam EmptyRose_506 (type) (all out_EmptyRose_507 (type) (fun (fun [List_328 EmptyRose_506] out_EmptyRose_507) out_EmptyRose_507))) [rec_504 (lam dat_508 (type) dat_508)]]]))
                                (lam dat_509 (type) dat_509)
                                (abs
                                  out_EmptyRose_510
                                  (type)
                                  (lam
                                    case_EmptyRose_511
                                    (fun [List_328 (ifix (lam rec_512 (fun (fun (type) (type)) (type)) (lam spine_513 (fun (type) (type)) [spine_513 [(lam EmptyRose_514 (type) (all out_EmptyRose_515 (type) (fun (fun [List_328 EmptyRose_514] out_EmptyRose_515) out_EmptyRose_515))) [rec_512 (lam dat_516 (type) dat_516)]]])) (lam dat_517 (type) dat_517))] out_EmptyRose_510)
                                    [
                                      case_EmptyRose_511
                                      (iwrap
                                        (lam rec_535 (fun (fun (fun (type) (type)) (type)) (type)) (lam spine_536 (fun (fun (type) (type)) (type)) [spine_536 [(lam List_537 (fun (type) (type)) (lam a_538 (type) (all out_List_539 (type) (fun out_List_539 (fun (fun a_538 (fun [List_537 a_538] out_List_539)) out_List_539))))) (lam a_540 (type) [rec_535 (lam dat_541 (fun (type) (type)) [dat_541 a_540])])]]))
                                        (lam dat_542 (fun (type) (type)) [dat_542 a_534])
                                        (abs
                                          out_List_543
                                          (type)
                                          (lam
                                            case_Nil_544
                                            out_List_543
                                            (lam
                                              case_Cons_545
                                              (fun a_534 (fun [(lam a_546 (type) (ifix (lam rec_547 (fun (fun (fun (type) (type)) (type)) (type)) (lam spine_548 (fun (fun (type) (type)) (type)) [spine_548 [(lam List_549 (fun (type) (type)) (lam a_550 (type) (all out_List_551 (type) (fun out_List_551 (fun (fun a_550 (fun [List_549 a_550] out_List_551)) out_List_551))))) (lam a_552 (type) [rec_547 (lam dat_553 (fun (type) (type)) [dat_553 a_552])])]])) (lam dat_554 (fun (type) (type)) [dat_554 a_546]))) a_534] out_List_543))
                                              case_Nil_544
                                            )
                                          )
                                        )
                                      )
                                    ]
                                  )
                                )
                              )
                            ]
                            (iwrap
                              (lam rec_535 (fun (fun (fun (type) (type)) (type)) (type)) (lam spine_536 (fun (fun (type) (type)) (type)) [spine_536 [(lam List_537 (fun (type) (type)) (lam a_538 (type) (all out_List_539 (type) (fun out_List_539 (fun (fun a_538 (fun [List_537 a_538] out_List_539)) out_List_539))))) (lam a_540 (type) [rec_535 (lam dat_541 (fun (type) (type)) [dat_541 a_540])])]]))
                              (lam dat_542 (fun (type) (type)) [dat_542 a_534])
                              (abs
                                out_List_543
                                (type)
                                (lam
                                  case_Nil_544
                                  out_List_543
                                  (lam
                                    case_Cons_545
                                    (fun a_534 (fun [(lam a_546 (type) (ifix (lam rec_547 (fun (fun (fun (type) (type)) (type)) (type)) (lam spine_548 (fun (fun (type) (type)) (type)) [spine_548 [(lam List_549 (fun (type) (type)) (lam a_550 (type) (all out_List_551 (type) (fun out_List_551 (fun (fun a_550 (fun [List_549 a_550] out_List_551)) out_List_551))))) (lam a_552 (type) [rec_547 (lam dat_553 (fun (type) (type)) [dat_553 a_552])])]])) (lam dat_554 (fun (type) (type)) [dat_554 a_546]))) a_534] out_List_543))
                                    case_Nil_544
                                  )
                                )
                              )
                            )
                          ]
                        )
                      )
                    )
                  )
                ]
              )
            )
          )
        )
      ]
    )
  )
)