{
    "blockHeaderHash": "6161616161616161616161616161616161616161616161616161616161616161",
    "blockNo": 64903,
    "blockTimestamp": 0,
    "epochNo": 6,
    "slotNo": 1
}