wrap (\(b :: (* -> *) -> *) -> \(p :: * -> *) -> p ((\(nat :: *) -> all (r :: *). r -> (nat -> r) -> r) ((\(k :: (* -> *) -> *) -> k (\(r :: *) -> r)) b))) (\(r :: *) -> r) (/\(r :: *) -> \(z : r) -> \(f : (\(k :: (* -> *) -> *) -> k (\(r :: *) -> r)) (\(spine :: * -> *) -> ifix (\(b :: (* -> *) -> *) -> \(p :: * -> *) -> p ((\(nat :: *) -> all (r :: *). r -> (nat -> r) -> r) ((\(k :: (* -> *) -> *) -> k (\(r :: *) -> r)) b))) spine) -> r) -> z)