[{"block_no":8630911,"time":"2023-04-10T21:44:09","epoch_no":404}]
