(program 1.0.0
  [
    [
      [
        {
          (abs
            MyPolyData_89
            (fun (type) (fun (type) (type)))
            (lam
              Poly1_90
              (all a_91 (type) (all b_92 (type) (fun a_91 (fun b_92 [[MyPolyData_89 a_91] b_92]))))
              (lam
                Poly2_93
                (all a_94 (type) (all b_95 (type) (fun a_94 [[MyPolyData_89 a_94] b_95])))
                (lam
                  MyPolyData_match_96
                  (all a_97 (type) (all b_98 (type) (fun [[MyPolyData_89 a_97] b_98] [[(lam a_99 (type) (lam b_100 (type) (all out_MyPolyData_101 (type) (fun (fun a_99 (fun b_100 out_MyPolyData_101)) (fun (fun a_99 out_MyPolyData_101) out_MyPolyData_101))))) a_97] b_98])))
                  [
                    [
                      {
                        { Poly1_90 [(con integer) (con 8)] }
                        [(con integer) (con 8)]
                      }
                      (con 8 ! 1)
                    ]
                    (con 8 ! 2)
                  ]
                )
              )
            )
          )
          (lam a_102 (type) (lam b_103 (type) (all out_MyPolyData_104 (type) (fun (fun a_102 (fun b_103 out_MyPolyData_104)) (fun (fun a_102 out_MyPolyData_104) out_MyPolyData_104)))))
        }
        (abs
          a_105
          (type)
          (abs
            b_106
            (type)
            (lam
              arg_0_107
              a_105
              (lam
                arg_1_108
                b_106
                (abs
                  out_MyPolyData_109
                  (type)
                  (lam
                    case_Poly1_110
                    (fun a_105 (fun b_106 out_MyPolyData_109))
                    (lam
                      case_Poly2_111
                      (fun a_105 out_MyPolyData_109)
                      [ [ case_Poly1_110 arg_0_107 ] arg_1_108 ]
                    )
                  )
                )
              )
            )
          )
        )
      ]
      (abs
        a_112
        (type)
        (abs
          b_113
          (type)
          (lam
            arg_0_114
            a_112
            (abs
              out_MyPolyData_115
              (type)
              (lam
                case_Poly1_116
                (fun a_112 (fun b_113 out_MyPolyData_115))
                (lam
                  case_Poly2_117
                  (fun a_112 out_MyPolyData_115)
                  [ case_Poly2_117 arg_0_114 ]
                )
              )
            )
          )
        )
      )
    ]
    (abs
      a_118
      (type)
      (abs
        b_119
        (type)
        (lam
          x_120
          [[(lam a_121 (type) (lam b_122 (type) (all out_MyPolyData_123 (type) (fun (fun a_121 (fun b_122 out_MyPolyData_123)) (fun (fun a_121 out_MyPolyData_123) out_MyPolyData_123))))) a_118] b_119]
          x_120
        )
      )
    )
  ]
)