(program 1.0.0
  (lam ds_74 [(con integer) (con 8)] (lam ds_75 [(con integer) (con 8)] ds_74))
)